Archive member included to satisfy reference by file (symbol)

c:/st/stm32cubeide_1.7.0/stm32cubeide/plugins/com.st.stm32cube.ide.mcu.externaltools.gnu-tools-for-stm32.9-2020-q2-update.win32_2.0.0.202105311346/tools/bin/../lib/gcc/arm-none-eabi/9.3.1/../../../../arm-none-eabi/lib/thumb/v7e-m+fp/hard\libc_nano.a(lib_a-errno.o)
                              ./Core/Src/syscalls.o (__errno)
c:/st/stm32cubeide_1.7.0/stm32cubeide/plugins/com.st.stm32cube.ide.mcu.externaltools.gnu-tools-for-stm32.9-2020-q2-update.win32_2.0.0.202105311346/tools/bin/../lib/gcc/arm-none-eabi/9.3.1/../../../../arm-none-eabi/lib/thumb/v7e-m+fp/hard\libc_nano.a(lib_a-exit.o)
                              c:/st/stm32cubeide_1.7.0/stm32cubeide/plugins/com.st.stm32cube.ide.mcu.externaltools.gnu-tools-for-stm32.9-2020-q2-update.win32_2.0.0.202105311346/tools/bin/../lib/gcc/arm-none-eabi/9.3.1/../../../../arm-none-eabi/lib/thumb/v7e-m+fp/hard/crt0.o (exit)
c:/st/stm32cubeide_1.7.0/stm32cubeide/plugins/com.st.stm32cube.ide.mcu.externaltools.gnu-tools-for-stm32.9-2020-q2-update.win32_2.0.0.202105311346/tools/bin/../lib/gcc/arm-none-eabi/9.3.1/../../../../arm-none-eabi/lib/thumb/v7e-m+fp/hard\libc_nano.a(lib_a-impure.o)
                              c:/st/stm32cubeide_1.7.0/stm32cubeide/plugins/com.st.stm32cube.ide.mcu.externaltools.gnu-tools-for-stm32.9-2020-q2-update.win32_2.0.0.202105311346/tools/bin/../lib/gcc/arm-none-eabi/9.3.1/../../../../arm-none-eabi/lib/thumb/v7e-m+fp/hard\libc_nano.a(lib_a-exit.o) (_global_impure_ptr)
c:/st/stm32cubeide_1.7.0/stm32cubeide/plugins/com.st.stm32cube.ide.mcu.externaltools.gnu-tools-for-stm32.9-2020-q2-update.win32_2.0.0.202105311346/tools/bin/../lib/gcc/arm-none-eabi/9.3.1/../../../../arm-none-eabi/lib/thumb/v7e-m+fp/hard\libc_nano.a(lib_a-init.o)
                              c:/st/stm32cubeide_1.7.0/stm32cubeide/plugins/com.st.stm32cube.ide.mcu.externaltools.gnu-tools-for-stm32.9-2020-q2-update.win32_2.0.0.202105311346/tools/bin/../lib/gcc/arm-none-eabi/9.3.1/../../../../arm-none-eabi/lib/thumb/v7e-m+fp/hard/crt0.o (__libc_init_array)
c:/st/stm32cubeide_1.7.0/stm32cubeide/plugins/com.st.stm32cube.ide.mcu.externaltools.gnu-tools-for-stm32.9-2020-q2-update.win32_2.0.0.202105311346/tools/bin/../lib/gcc/arm-none-eabi/9.3.1/../../../../arm-none-eabi/lib/thumb/v7e-m+fp/hard\libc_nano.a(lib_a-memset.o)
                              c:/st/stm32cubeide_1.7.0/stm32cubeide/plugins/com.st.stm32cube.ide.mcu.externaltools.gnu-tools-for-stm32.9-2020-q2-update.win32_2.0.0.202105311346/tools/bin/../lib/gcc/arm-none-eabi/9.3.1/../../../../arm-none-eabi/lib/thumb/v7e-m+fp/hard/crt0.o (memset)
c:/st/stm32cubeide_1.7.0/stm32cubeide/plugins/com.st.stm32cube.ide.mcu.externaltools.gnu-tools-for-stm32.9-2020-q2-update.win32_2.0.0.202105311346/tools/bin/../lib/gcc/arm-none-eabi/9.3.1/../../../../arm-none-eabi/lib/thumb/v7e-m+fp/hard\libc_nano.a(lib_a-strlen.o)
                              ./Core/Src/lcd.o (strlen)
c:/st/stm32cubeide_1.7.0/stm32cubeide/plugins/com.st.stm32cube.ide.mcu.externaltools.gnu-tools-for-stm32.9-2020-q2-update.win32_2.0.0.202105311346/tools/bin/../lib/gcc/arm-none-eabi/9.3.1/thumb/v7e-m+fp/hard\libgcc.a(_aeabi_uldivmod.o)
                              ./Drivers/STM32F4xx_HAL_Driver/Src/stm32f4xx_hal_rcc.o (__aeabi_uldivmod)
c:/st/stm32cubeide_1.7.0/stm32cubeide/plugins/com.st.stm32cube.ide.mcu.externaltools.gnu-tools-for-stm32.9-2020-q2-update.win32_2.0.0.202105311346/tools/bin/../lib/gcc/arm-none-eabi/9.3.1/thumb/v7e-m+fp/hard\libgcc.a(_udivmoddi4.o)
                              c:/st/stm32cubeide_1.7.0/stm32cubeide/plugins/com.st.stm32cube.ide.mcu.externaltools.gnu-tools-for-stm32.9-2020-q2-update.win32_2.0.0.202105311346/tools/bin/../lib/gcc/arm-none-eabi/9.3.1/thumb/v7e-m+fp/hard\libgcc.a(_aeabi_uldivmod.o) (__udivmoddi4)
c:/st/stm32cubeide_1.7.0/stm32cubeide/plugins/com.st.stm32cube.ide.mcu.externaltools.gnu-tools-for-stm32.9-2020-q2-update.win32_2.0.0.202105311346/tools/bin/../lib/gcc/arm-none-eabi/9.3.1/thumb/v7e-m+fp/hard\libgcc.a(_dvmd_tls.o)
                              c:/st/stm32cubeide_1.7.0/stm32cubeide/plugins/com.st.stm32cube.ide.mcu.externaltools.gnu-tools-for-stm32.9-2020-q2-update.win32_2.0.0.202105311346/tools/bin/../lib/gcc/arm-none-eabi/9.3.1/thumb/v7e-m+fp/hard\libgcc.a(_aeabi_uldivmod.o) (__aeabi_ldiv0)

Allocating common symbols
Common symbol       size              file

ds3231_sec          0x1               ./Core/Src/ds3231.o
ds3231_year         0x1               ./Core/Src/ds3231.o
hi2c1               0x54              ./Core/Src/i2c.o
uwTick              0x4               ./Drivers/STM32F4xx_HAL_Driver/Src/stm32f4xx_hal.o
pFlash              0x20              ./Drivers/STM32F4xx_HAL_Driver/Src/stm32f4xx_hal_flash.o
hsram1              0x50              ./Core/Src/fsmc.o
button_count        0x20              ./Core/Src/button.o
ds3231_min          0x1               ./Core/Src/ds3231.o
lcddev              0x6               ./Core/Src/lcd.o
[...]
Memory Configuration

Name             Origin             Length             Attributes
CCMRAM           0x0000000010000000 0x0000000000010000 xrw
RAM              0x0000000020000000 0x0000000000020000 xrw
FLASH            0x0000000008000000 0x0000000000100000 xr
*default*        0x0000000000000000 0xffffffffffffffff

Linker script and memory map

LOAD c:/st/stm32cubeide_1.7.0/stm32cubeide/plugins/com.st.stm32cube.ide.mcu.externaltools.gnu-tools-for-stm32.9-2020-q2-update.win32_2.0.0.202105311346/tools/bin/../lib/gcc/arm-none-eabi/9.3.1/thumb/v7e-m+fp/hard/crti.o
LOAD c:/st/stm32cubeide_1.7.0/stm32cubeide/plugins/com.st.stm32cube.ide.mcu.externaltools.gnu-tools-for-stm32.9-2020-q2-update.win32_2.0.0.202105311346/tools/bin/../lib/gcc/arm-none-eabi/9.3.1/thumb/v7e-m+fp/hard/crtbegin.o
LOAD c:/st/stm32cubeide_1.7.0/stm32cubeide/plugins/com.st.stm32cube.ide.mcu.externaltools.gnu-tools-for-stm32.9-2020-q2-update.win32_2.0.0.202105311346/tools/bin/../lib/gcc/arm-none-eabi/9.3.1/../../../../arm-none-eabi/lib/thumb/v7e-m+fp/hard/crt0.o
LOAD ./Core/Src/button.o
LOAD ./Core/Src/ds3231.o
LOAD ./Core/Src/fsmc.o
LOAD ./Core/Src/gpio.o
LOAD ./Core/Src/i2c.o
LOAD ./Core/Src/lcd.o
LOAD ./Core/Src/led_7seg.o
LOAD ./Core/Src/main.o
LOAD ./Core/Src/picture.o
LOAD ./Core/Src/software_timer.o
LOAD ./Core/Src/spi.o
LOAD ./Core/Src/stm32f4xx_hal_msp.o
LOAD ./Core/Src/stm32f4xx_it.o
LOAD ./Core/Src/syscalls.o
LOAD ./Core/Src/sysmem.o
LOAD ./Core/Src/system_stm32f4xx.o
LOAD ./Core/Src/tim.o
LOAD ./Core/Src/utils.o
LOAD ./Core/Startup/startup_stm32f407zetx.o
LOAD ./Drivers/STM32F4xx_HAL_Driver/Src/stm32f4xx_hal.o
LOAD ./Drivers/STM32F4xx_HAL_Driver/Src/stm32f4xx_hal_cortex.o
LOAD ./Drivers/STM32F4xx_HAL_Driver/Src/stm32f4xx_hal_dma.o
LOAD ./Drivers/STM32F4xx_HAL_Driver/Src/stm32f4xx_hal_dma_ex.o
LOAD ./Drivers/STM32F4xx_HAL_Driver/Src/stm32f4xx_hal_exti.o
LOAD ./Drivers/STM32F4xx_HAL_Driver/Src/stm32f4xx_hal_flash.o
LOAD ./Drivers/STM32F4xx_HAL_Driver/Src/stm32f4xx_hal_flash_ex.o
LOAD ./Drivers/STM32F4xx_HAL_Driver/Src/stm32f4xx_hal_flash_ramfunc.o
LOAD ./Drivers/STM32F4xx_HAL_Driver/Src/stm32f4xx_hal_gpio.o
LOAD ./Drivers/STM32F4xx_HAL_Driver/Src/stm32f4xx_hal_i2c.o
LOAD ./Drivers/STM32F4xx_HAL_Driver/Src/stm32f4xx_hal_i2c_ex.o
LOAD ./Drivers/STM32F4xx_HAL_Driver/Src/stm32f4xx_hal_pwr.o
LOAD ./Drivers/STM32F4xx_HAL_Driver/Src/stm32f4xx_hal_pwr_ex.o
LOAD ./Drivers/STM32F4xx_HAL_Driver/Src/stm32f4xx_hal_rcc.o
LOAD ./Drivers/STM32F4xx_HAL_Driver/Src/stm32f4xx_hal_rcc_ex.o
LOAD ./Drivers/STM32F4xx_HAL_Driver/Src/stm32f4xx_hal_spi.o
LOAD ./Drivers/STM32F4xx_HAL_Driver/Src/stm32f4xx_hal_sram.o
LOAD ./Drivers/STM32F4xx_HAL_Driver/Src/stm32f4xx_hal_tim.o
LOAD ./Drivers/STM32F4xx_HAL_Driver/Src/stm32f4xx_hal_tim_ex.o
LOAD ./Drivers/STM32F4xx_HAL_Driver/Src/stm32f4xx_ll_fsmc.o
START GROUP
LOAD c:/st/stm32cubeide_1.7.0/stm32cubeide/plugins/com.st.stm32cube.ide.mcu.externaltools.gnu-tools-for-stm32.9-2020-q2-update.win32_2.0.0.202105311346/tools/bin/../lib/gcc/arm-none-eabi/9.3.1/../../../../arm-none-eabi/lib/thumb/v7e-m+fp/hard\libc_nano.a
LOAD c:/st/stm32cubeide_1.7.0/stm32cubeide/plugins/com.st.stm32cube.ide.mcu.externaltools.gnu-tools-for-stm32.9-2020-q2-update.win32_2.0.0.202105311346/tools/bin/../lib/gcc/arm-none-eabi/9.3.1/../../../../arm-none-eabi/lib/thumb/v7e-m+fp/hard\libm.a
END GROUP
START GROUP
LOAD c:/st/stm32cubeide_1.7.0/stm32cubeide/plugins/com.st.stm32cube.ide.mcu.externaltools.gnu-tools-for-stm32.9-2020-q2-update.win32_2.0.0.202105311346/tools/bin/../lib/gcc/arm-none-eabi/9.3.1/thumb/v7e-m+fp/hard\libgcc.a
LOAD c:/st/stm32cubeide_1.7.0/stm32cubeide/plugins/com.st.stm32cube.ide.mcu.externaltools.gnu-tools-for-stm32.9-2020-q2-update.win32_2.0.0.202105311346/tools/bin/../lib/gcc/arm-none-eabi/9.3.1/../../../../arm-none-eabi/lib/thumb/v7e-m+fp/hard\libc_nano.a
END GROUP
START GROUP
LOAD c:/st/stm32cubeide_1.7.0/stm32cubeide/plugins/com.st.stm32cube.ide.mcu.externaltools.gnu-tools-for-stm32.9-2020-q2-update.win32_2.0.0.202105311346/tools/bin/../lib/gcc/arm-none-eabi/9.3.1/thumb/v7e-m+fp/hard\libgcc.a
LOAD c:/st/stm32cubeide_1.7.0/stm32cubeide/plugins/com.st.stm32cube.ide.mcu.externaltools.gnu-tools-for-stm32.9-2020-q2-update.win32_2.0.0.202105311346/tools/bin/../lib/gcc/arm-none-eabi/9.3.1/../../../../arm-none-eabi/lib/thumb/v7e-m+fp/hard\libc_nano.a
LOAD c:/st/stm32cubeide_1.7.0/stm32cubeide/plugins/com.st.stm32cube.ide.mcu.externaltools.gnu-tools-for-stm32.9-2020-q2-update.win32_2.0.0.202105311346/tools/bin/../lib/gcc/arm-none-eabi/9.3.1/../../../../arm-none-eabi/lib/thumb/v7e-m+fp/hard\libnosys.a
END GROUP
START GROUP
LOAD c:/st/stm32cubeide_1.7.0/stm32cubeide/plugins/com.st.stm32cube.ide.mcu.externaltools.gnu-tools-for-stm32.9-2020-q2-update.win32_2.0.0.202105311346/tools/bin/../lib/gcc/arm-none-eabi/9.3.1/thumb/v7e-m+fp/hard\libgcc.a
LOAD c:/st/stm32cubeide_1.7.0/stm32cubeide/plugins/com.st.stm32cube.ide.mcu.externaltools.gnu-tools-for-stm32.9-2020-q2-update.win32_2.0.0.202105311346/tools/bin/../lib/gcc/arm-none-eabi/9.3.1/../../../../arm-none-eabi/lib/thumb/v7e-m+fp/hard\libc_nano.a
LOAD c:/st/stm32cubeide_1.7.0/stm32cubeide/plugins/com.st.stm32cube.ide.mcu.externaltools.gnu-tools-for-stm32.9-2020-q2-update.win32_2.0.0.202105311346/tools/bin/../lib/gcc/arm-none-eabi/9.3.1/../../../../arm-none-eabi/lib/thumb/v7e-m+fp/hard\libnosys.a
END GROUP
LOAD c:/st/stm32cubeide_1.7.0/stm32cubeide/plugins/com.st.stm32cube.ide.mcu.externaltools.gnu-tools-for-stm32.9-2020-q2-update.win32_2.0.0.202105311346/tools/bin/../lib/gcc/arm-none-eabi/9.3.1/thumb/v7e-m+fp/hard/crtend.o
LOAD c:/st/stm32cubeide_1.7.0/stm32cubeide/plugins/com.st.stm32cube.ide.mcu.externaltools.gnu-tools-for-stm32.9-2020-q2-update.win32_2.0.0.202105311346/tools/bin/../lib/gcc/arm-none-eabi/9.3.1/thumb/v7e-m+fp/hard/crtn.o
                0x0000000020020000                _estack = (ORIGIN (RAM) + LENGTH (RAM))
                0x0000000000000200                _Min_Heap_Size = 0x200
                0x0000000000000400                _Min_Stack_Size = 0x400

.isr_vector     0x0000000008000000      0x188
                0x0000000008000000                . = ALIGN (0x4)
 *(.isr_vector)
 .isr_vector    0x0000000008000000      0x188 ./Core/Startup/startup_stm32f407zetx.o
                0x0000000008000000                g_pfnVectors
                0x0000000008000188                . = ALIGN (0x4)

.text           0x0000000008000188     0x5b68
                0x0000000008000188                . = ALIGN (0x4)
 *(.text)
 .text          0x0000000008000188       0x40 c:/st/stm32cubeide_1.7.0/stm32cubeide/plugins/com.st.stm32cube.ide.mcu.externaltools.gnu-tools-for-stm32.9-2020-q2-update.win32_2.0.0.202105311346/tools/bin/../lib/gcc/arm-none-eabi/9.3.1/thumb/v7e-m+fp/hard/crtbegin.o
 .text          0x00000000080001c8       0x10 c:/st/stm32cubeide_1.7.0/stm32cubeide/plugins/com.st.stm32cube.ide.mcu.externaltools.gnu-tools-for-stm32.9-2020-q2-update.win32_2.0.0.202105311346/tools/bin/../lib/gcc/arm-none-eabi/9.3.1/../../../../arm-none-eabi/lib/thumb/v7e-m+fp/hard\libc_nano.a(lib_a-strlen.o)
                0x00000000080001c8                strlen
 .text          0x00000000080001d8       0x30 c:/st/stm32cubeide_1.7.0/stm32cubeide/plugins/com.st.stm32cube.ide.mcu.externaltools.gnu-tools-for-stm32.9-2020-q2-update.win32_2.0.0.202105311346/tools/bin/../lib/gcc/arm-none-eabi/9.3.1/thumb/v7e-m+fp/hard\libgcc.a(_aeabi_uldivmod.o)
                0x00000000080001d8                __aeabi_uldivmod
 .text          0x0000000008000208      0x2c4 c:/st/stm32cubeide_1.7.0/stm32cubeide/plugins/com.st.stm32cube.ide.mcu.externaltools.gnu-tools-for-stm32.9-2020-q2-update.win32_2.0.0.202105311346/tools/bin/../lib/gcc/arm-none-eabi/9.3.1/thumb/v7e-m+fp/hard\libgcc.a(_udivmoddi4.o)
                0x0000000008000208                __udivmoddi4
 .text          0x00000000080004cc        0x4 c:/st/stm32cubeide_1.7.0/stm32cubeide/plugins/com.st.stm32cube.ide.mcu.externaltools.gnu-tools-for-stm32.9-2020-q2-update.win32_2.0.0.202105311346/tools/bin/../lib/gcc/arm-none-eabi/9.3.1/thumb/v7e-m+fp/hard\libgcc.a(_dvmd_tls.o)
                0x00000000080004cc                __aeabi_idiv0
                0x00000000080004cc                __aeabi_ldiv0
 *(.text*)
 .text.button_init
                0x00000000080004d0       0x18 ./Core/Src/button.o
                0x00000000080004d0                button_init
 .text.button_Scan
                0x00000000080004e8       0xd8 ./Core/Src/button.o
                0x00000000080004e8                button_Scan
 .text.ds3231_init
                0x00000000080005c0       0x88 ./Core/Src/ds3231.o
                0x00000000080005c0                ds3231_init
 .text.ds3231_Write
                0x0000000008000648       0x44 ./Core/Src/ds3231.o
                0x0000000008000648                ds3231_Write
 .text.ds3231_ReadTime
                0x000000000800068c       0xc8 ./Core/Src/ds3231.o
                0x000000000800068c                ds3231_ReadTime
 .text.MX_FSMC_Init
                0x0000000008000754       0xf4 ./Core/Src/fsmc.o
                0x0000000008000754                MX_FSMC_Init
 .text.HAL_FSMC_MspInit
                0x0000000008000848       0x98 ./Core/Src/fsmc.o
 .text.HAL_SRAM_MspInit
                0x00000000080008e0       0x14 ./Core/Src/fsmc.o
                0x00000000080008e0                HAL_SRAM_MspInit
 .text.MX_GPIO_Init
                0x00000000080008f4      0x1f0 ./Core/Src/gpio.o
                0x00000000080008f4                MX_GPIO_Init
 .text.MX_I2C1_Init
                0x0000000008000ae4       0x5c ./Core/Src/i2c.o
                0x0000000008000ae4                MX_I2C1_Init
 .text.HAL_I2C_MspInit
                0x0000000008000b40       0x90 ./Core/Src/i2c.o
                0x0000000008000b40                HAL_I2C_MspInit
 .text.LCD_WR_REG
                0x0000000008000bd0       0x20 ./Core/Src/lcd.o
                0x0000000008000bd0                LCD_WR_REG
 .text.LCD_WR_DATA
                0x0000000008000bf0       0x20 ./Core/Src/lcd.o
                0x0000000008000bf0                LCD_WR_DATA
 .text.LCD_RD_DATA
                0x0000000008000c10       0x24 ./Core/Src/lcd.o
                0x0000000008000c10                LCD_RD_DATA
 .text.lcd_AddressSet
                0x0000000008000c34       0x98 ./Core/Src/lcd.o
                0x0000000008000c34                lcd_AddressSet
 .text.lcd_Clear
                0x0000000008000ccc       0x74 ./Core/Src/lcd.o
                0x0000000008000ccc                lcd_Clear
 .text.lcd_DrawPoint
                0x0000000008000d40       0x2e ./Core/Src/lcd.o
                0x0000000008000d40                lcd_DrawPoint
 *fill*         0x0000000008000d6e        0x2 
 .text.lcd_ShowChar
                0x0000000008000d70      0x1a0 ./Core/Src/lcd.o
                0x0000000008000d70                lcd_ShowChar
 .text.mypow    0x0000000008000f10       0x38 ./Core/Src/lcd.o
                0x0000000008000f10                mypow
 .text.lcd_ShowIntNum
                0x0000000008000f48       0xfc ./Core/Src/lcd.o
                0x0000000008000f48                lcd_ShowIntNum
 .text.lcd_SetDir
                0x0000000008001044       0x48 ./Core/Src/lcd.o
                0x0000000008001044                lcd_SetDir
 .text.lcd_init
                0x000000000800108c      0x2c0 ./Core/Src/lcd.o
                0x000000000800108c                lcd_init
 .text.lcd_ShowStr
                0x000000000800134c       0xc8 ./Core/Src/lcd.o
                0x000000000800134c                lcd_ShowStr
 .text.lcd_StrCenter
                0x0000000008001414       0x64 ./Core/Src/lcd.o
                0x0000000008001414                lcd_StrCenter
 .text.led7_init
                0x0000000008001478       0x18 ./Core/Src/led_7seg.o
                0x0000000008001478                led7_init
 .text.led7_Scan
                0x0000000008001490      0x118 ./Core/Src/led_7seg.o
                0x0000000008001490                led7_Scan
 .text.main     0x00000000080015a8       0x3c ./Core/Src/main.o
                0x00000000080015a8                main
 .text.SystemClock_Config
                0x00000000080015e4       0xd4 ./Core/Src/main.o
                0x00000000080015e4                SystemClock_Config
 .text.system_init
                0x00000000080016b8       0x54 ./Core/Src/main.o
                0x00000000080016b8                system_init
 .text.fsm_automatic_run
                0x000000000800170c       0x3c ./Core/Src/main.o
                0x000000000800170c                fsm_automatic_run
 .text.alarm_timer_run
                0x0000000008001748      0x110 ./Core/Src/main.o
                0x0000000008001748                alarm_timer_run
 .text.fsm_mannual_run
                0x0000000008001858      0x4e0 ./Core/Src/main.o
                0x0000000008001858                fsm_mannual_run
 .text.test_button
                0x0000000008001d38       0x90 ./Core/Src/main.o
                0x0000000008001d38                test_button
 .text.updateTime
                0x0000000008001dc8       0x60 ./Core/Src/main.o
                0x0000000008001dc8                updateTime
 .text.displayTime
                0x0000000008001e28       0xfc ./Core/Src/main.o
                0x0000000008001e28                displayTime
 .text.Error_Handler
                0x0000000008001f24        0xa ./Core/Src/main.o
                0x0000000008001f24                Error_Handler
 *fill*         0x0000000008001f2e        0x2 
 .text.timer_init
                0x0000000008001f30       0x14 ./Core/Src/software_timer.o
                0x0000000008001f30                timer_init
 .text.setTimer2
                0x0000000008001f44       0x38 ./Core/Src/software_timer.o
                0x0000000008001f44                setTimer2
 .text.setTimer3
                0x0000000008001f7c       0x38 ./Core/Src/software_timer.o
                0x0000000008001f7c                setTimer3
 .text.setTimer_alarm
                0x0000000008001fb4       0x3c ./Core/Src/software_timer.o
                0x0000000008001fb4                setTimer_alarm
 .text.setTimer_MOD
                0x0000000008001ff0       0x38 ./Core/Src/software_timer.o
                0x0000000008001ff0                setTimer_MOD
 .text.HAL_TIM_PeriodElapsedCallback
                0x0000000008002028       0xf8 ./Core/Src/software_timer.o
                0x0000000008002028                HAL_TIM_PeriodElapsedCallback
 .text.MX_SPI1_Init
                0x0000000008002120       0x6c ./Core/Src/spi.o
                0x0000000008002120                MX_SPI1_Init
 .text.HAL_SPI_MspInit
                0x000000000800218c       0x90 ./Core/Src/spi.o
                0x000000000800218c                HAL_SPI_MspInit
 .text.HAL_MspInit
                0x000000000800221c       0x50 ./Core/Src/stm32f4xx_hal_msp.o
                0x000000000800221c                HAL_MspInit
 .text.NMI_Handler
                0x000000000800226c        0x6 ./Core/Src/stm32f4xx_it.o
                0x000000000800226c                NMI_Handler
 .text.HardFault_Handler
                0x0000000008002272        0x6 ./Core/Src/stm32f4xx_it.o
                0x0000000008002272                HardFault_Handler
 .text.MemManage_Handler
                0x0000000008002278        0x6 ./Core/Src/stm32f4xx_it.o
                0x0000000008002278                MemManage_Handler
 .text.BusFault_Handler
                0x000000000800227e        0x6 ./Core/Src/stm32f4xx_it.o
                0x000000000800227e                BusFault_Handler
 .text.UsageFault_Handler
                0x0000000008002284        0x6 ./Core/Src/stm32f4xx_it.o
                0x0000000008002284                UsageFault_Handler
 .text.SVC_Handler
                0x000000000800228a        0xe ./Core/Src/stm32f4xx_it.o
                0x000000000800228a                SVC_Handler
 .text.DebugMon_Handler
                0x0000000008002298        0xe ./Core/Src/stm32f4xx_it.o
                0x0000000008002298                DebugMon_Handler
 .text.PendSV_Handler
                0x00000000080022a6        0xe ./Core/Src/stm32f4xx_it.o
                0x00000000080022a6                PendSV_Handler
 .text.SysTick_Handler
                0x00000000080022b4        0xc ./Core/Src/stm32f4xx_it.o
                0x00000000080022b4                SysTick_Handler
 .text.TIM2_IRQHandler
                0x00000000080022c0       0x14 ./Core/Src/stm32f4xx_it.o
                0x00000000080022c0                TIM2_IRQHandler
 .text.SystemInit
                0x00000000080022d4       0x24 ./Core/Src/system_stm32f4xx.o
                0x00000000080022d4                SystemInit
 .text.MX_TIM2_Init
                0x00000000080022f8       0x98 ./Core/Src/tim.o
                0x00000000080022f8                MX_TIM2_Init
 .text.HAL_TIM_Base_MspInit
                0x0000000008002390       0x4c ./Core/Src/tim.o
                0x0000000008002390                HAL_TIM_Base_MspInit
 .text.BCD2DEC  0x00000000080023dc       0x32 ./Core/Src/utils.o
                0x00000000080023dc                BCD2DEC
 *fill*         0x000000000800240e        0x2 
 .text.DEC2BCD  0x0000000008002410       0x48 ./Core/Src/utils.o
                0x0000000008002410                DEC2BCD
 .text.Reset_Handler
                0x0000000008002458       0x50 ./Core/Startup/startup_stm32f407zetx.o
                0x0000000008002458                Reset_Handler
 .text.Default_Handler
                0x00000000080024a8        0x2 ./Core/Startup/startup_stm32f407zetx.o
                0x00000000080024a8                RTC_Alarm_IRQHandler
                0x00000000080024a8                HASH_RNG_IRQHandler
                0x00000000080024a8                EXTI2_IRQHandler
                0x00000000080024a8                TIM8_CC_IRQHandler
                0x00000000080024a8                TIM1_CC_IRQHandler
                0x00000000080024a8                DMA2_Stream5_IRQHandler
                0x00000000080024a8                DMA1_Stream5_IRQHandler
                0x00000000080024a8                PVD_IRQHandler
                0x00000000080024a8                SDIO_IRQHandler
                0x00000000080024a8                TAMP_STAMP_IRQHandler
                0x00000000080024a8                CAN2_RX1_IRQHandler
                0x00000000080024a8                EXTI3_IRQHandler
                0x00000000080024a8                TIM8_TRG_COM_TIM14_IRQHandler
                0x00000000080024a8                TIM1_UP_TIM10_IRQHandler
                0x00000000080024a8                TIM8_UP_TIM13_IRQHandler
                0x00000000080024a8                I2C3_ER_IRQHandler
                0x00000000080024a8                EXTI0_IRQHandler
                0x00000000080024a8                I2C2_EV_IRQHandler
                0x00000000080024a8                DMA1_Stream2_IRQHandler
                0x00000000080024a8                CAN1_RX0_IRQHandler
                0x00000000080024a8                FPU_IRQHandler
                0x00000000080024a8                OTG_HS_WKUP_IRQHandler
                0x00000000080024a8                CAN2_SCE_IRQHandler
                0x00000000080024a8                DMA2_Stream2_IRQHandler
                0x00000000080024a8                SPI1_IRQHandler
                0x00000000080024a8                TIM6_DAC_IRQHandler
                0x00000000080024a8                TIM1_BRK_TIM9_IRQHandler
                0x00000000080024a8                DCMI_IRQHandler
                0x00000000080024a8                CAN2_RX0_IRQHandler
                0x00000000080024a8                DMA2_Stream3_IRQHandler
                0x00000000080024a8                USART6_IRQHandler
                0x00000000080024a8                USART3_IRQHandler
                0x00000000080024a8                CAN1_RX1_IRQHandler
                0x00000000080024a8                UART5_IRQHandler
                0x00000000080024a8                DMA2_Stream0_IRQHandler
                0x00000000080024a8                TIM4_IRQHandler
                0x00000000080024a8                I2C1_EV_IRQHandler
                0x00000000080024a8                DMA1_Stream6_IRQHandler
                0x00000000080024a8                DMA1_Stream1_IRQHandler
                0x00000000080024a8                UART4_IRQHandler
                0x00000000080024a8                TIM3_IRQHandler
                0x00000000080024a8                RCC_IRQHandler
                0x00000000080024a8                TIM8_BRK_TIM12_IRQHandler
                0x00000000080024a8                Default_Handler
                0x00000000080024a8                EXTI15_10_IRQHandler
                0x00000000080024a8                ADC_IRQHandler
                0x00000000080024a8                DMA1_Stream7_IRQHandler
                0x00000000080024a8                TIM7_IRQHandler
                0x00000000080024a8                CAN2_TX_IRQHandler
                0x00000000080024a8                TIM5_IRQHandler
                0x00000000080024a8                DMA2_Stream7_IRQHandler
                0x00000000080024a8                I2C3_EV_IRQHandler
                0x00000000080024a8                EXTI9_5_IRQHandler
                0x00000000080024a8                RTC_WKUP_IRQHandler
                0x00000000080024a8                ETH_WKUP_IRQHandler
                0x00000000080024a8                SPI2_IRQHandler
                0x00000000080024a8                OTG_HS_EP1_IN_IRQHandler
                0x00000000080024a8                DMA1_Stream0_IRQHandler
                0x00000000080024a8                CAN1_TX_IRQHandler
                0x00000000080024a8                EXTI4_IRQHandler
                0x00000000080024a8                FSMC_IRQHandler
                0x00000000080024a8                ETH_IRQHandler
                0x00000000080024a8                OTG_HS_EP1_OUT_IRQHandler
                0x00000000080024a8                WWDG_IRQHandler
                0x00000000080024a8                OTG_FS_WKUP_IRQHandler
                0x00000000080024a8                TIM1_TRG_COM_TIM11_IRQHandler
                0x00000000080024a8                OTG_HS_IRQHandler
                0x00000000080024a8                EXTI1_IRQHandler
                0x00000000080024a8                USART2_IRQHandler
                0x00000000080024a8                I2C2_ER_IRQHandler
                0x00000000080024a8                DMA2_Stream1_IRQHandler
                0x00000000080024a8                CAN1_SCE_IRQHandler
                0x00000000080024a8                FLASH_IRQHandler
                0x00000000080024a8                DMA2_Stream4_IRQHandler
                0x00000000080024a8                USART1_IRQHandler
                0x00000000080024a8                OTG_FS_IRQHandler
                0x00000000080024a8                SPI3_IRQHandler
                0x00000000080024a8                DMA1_Stream4_IRQHandler
                0x00000000080024a8                I2C1_ER_IRQHandler
                0x00000000080024a8                DMA2_Stream6_IRQHandler
                0x00000000080024a8                DMA1_Stream3_IRQHandler
 *fill*         0x00000000080024aa        0x2 
 .text.HAL_Init
                0x00000000080024ac       0x44 ./Drivers/STM32F4xx_HAL_Driver/Src/stm32f4xx_hal.o
                0x00000000080024ac                HAL_Init
 .text.HAL_InitTick
                0x00000000080024f0       0x60 ./Drivers/STM32F4xx_HAL_Driver/Src/stm32f4xx_hal.o
                0x00000000080024f0                HAL_InitTick
 .text.HAL_IncTick
                0x0000000008002550       0x28 ./Drivers/STM32F4xx_HAL_Driver/Src/stm32f4xx_hal.o
                0x0000000008002550                HAL_IncTick
 .text.HAL_GetTick
                0x0000000008002578       0x18 ./Drivers/STM32F4xx_HAL_Driver/Src/stm32f4xx_hal.o
                0x0000000008002578                HAL_GetTick
 .text.HAL_Delay
                0x0000000008002590       0x48 ./Drivers/STM32F4xx_HAL_Driver/Src/stm32f4xx_hal.o
                0x0000000008002590                HAL_Delay
 .text.__NVIC_SetPriorityGrouping
                0x00000000080025d8       0x48 ./Drivers/STM32F4xx_HAL_Driver/Src/stm32f4xx_hal_cortex.o
 .text.__NVIC_GetPriorityGrouping
                0x0000000008002620       0x1c ./Drivers/STM32F4xx_HAL_Driver/Src/stm32f4xx_hal_cortex.o
 .text.__NVIC_EnableIRQ
                0x000000000800263c       0x3c ./Drivers/STM32F4xx_HAL_Driver/Src/stm32f4xx_hal_cortex.o
 .text.__NVIC_SetPriority
                0x0000000008002678       0x54 ./Drivers/STM32F4xx_HAL_Driver/Src/stm32f4xx_hal_cortex.o
 .text.NVIC_EncodePriority
                0x00000000080026cc       0x66 ./Drivers/STM32F4xx_HAL_Driver/Src/stm32f4xx_hal_cortex.o
 *fill*         0x0000000008002732        0x2 
 .text.SysTick_Config
                0x0000000008002734       0x44 ./Drivers/STM32F4xx_HAL_Driver/Src/stm32f4xx_hal_cortex.o
 .text.HAL_NVIC_SetPriorityGrouping
                0x0000000008002778       0x16 ./Drivers/STM32F4xx_HAL_Driver/Src/stm32f4xx_hal_cortex.o
                0x0000000008002778                HAL_NVIC_SetPriorityGrouping
 .text.HAL_NVIC_SetPriority
                0x000000000800278e       0x38 ./Drivers/STM32F4xx_HAL_Driver/Src/stm32f4xx_hal_cortex.o
                0x000000000800278e                HAL_NVIC_SetPriority
 .text.HAL_NVIC_EnableIRQ
                0x00000000080027c6       0x1c ./Drivers/STM32F4xx_HAL_Driver/Src/stm32f4xx_hal_cortex.o
                0x00000000080027c6                HAL_NVIC_EnableIRQ
 .text.HAL_SYSTICK_Config
                0x00000000080027e2       0x18 ./Drivers/STM32F4xx_HAL_Driver/Src/stm32f4xx_hal_cortex.o
                0x00000000080027e2                HAL_SYSTICK_Config
 *fill*         0x00000000080027fa        0x2 
 .text.HAL_GPIO_Init
                0x00000000080027fc      0x338 ./Drivers/STM32F4xx_HAL_Driver/Src/stm32f4xx_hal_gpio.o
                0x00000000080027fc                HAL_GPIO_Init
 .text.HAL_GPIO_WritePin
                0x0000000008002b34       0x32 ./Drivers/STM32F4xx_HAL_Driver/Src/stm32f4xx_hal_gpio.o
                0x0000000008002b34                HAL_GPIO_WritePin
 *fill*         0x0000000008002b66        0x2 
 .text.HAL_I2C_Init
                0x0000000008002b68      0x288 ./Drivers/STM32F4xx_HAL_Driver/Src/stm32f4xx_hal_i2c.o
                0x0000000008002b68                HAL_I2C_Init
 .text.HAL_I2C_Mem_Write
                0x0000000008002df0      0x1f4 ./Drivers/STM32F4xx_HAL_Driver/Src/stm32f4xx_hal_i2c.o
                0x0000000008002df0                HAL_I2C_Mem_Write
 .text.HAL_I2C_Mem_Read
                0x0000000008002fe4      0x44c ./Drivers/STM32F4xx_HAL_Driver/Src/stm32f4xx_hal_i2c.o
                0x0000000008002fe4                HAL_I2C_Mem_Read
 .text.HAL_I2C_IsDeviceReady
                0x0000000008003430      0x25c ./Drivers/STM32F4xx_HAL_Driver/Src/stm32f4xx_hal_i2c.o
                0x0000000008003430                HAL_I2C_IsDeviceReady
 .text.I2C_RequestMemoryWrite
                0x000000000800368c      0x12c ./Drivers/STM32F4xx_HAL_Driver/Src/stm32f4xx_hal_i2c.o
 .text.I2C_RequestMemoryRead
                0x00000000080037b8      0x1d0 ./Drivers/STM32F4xx_HAL_Driver/Src/stm32f4xx_hal_i2c.o
 .text.I2C_WaitOnFlagUntilTimeout
                0x0000000008003988       0xae ./Drivers/STM32F4xx_HAL_Driver/Src/stm32f4xx_hal_i2c.o
 .text.I2C_WaitOnMasterAddressFlagUntilTimeout
                0x0000000008003a36       0xfe ./Drivers/STM32F4xx_HAL_Driver/Src/stm32f4xx_hal_i2c.o
 .text.I2C_WaitOnTXEFlagUntilTimeout
                0x0000000008003b34       0x82 ./Drivers/STM32F4xx_HAL_Driver/Src/stm32f4xx_hal_i2c.o
 .text.I2C_WaitOnBTFFlagUntilTimeout
                0x0000000008003bb6       0x82 ./Drivers/STM32F4xx_HAL_Driver/Src/stm32f4xx_hal_i2c.o
 .text.I2C_WaitOnRXNEFlagUntilTimeout
                0x0000000008003c38       0xac ./Drivers/STM32F4xx_HAL_Driver/Src/stm32f4xx_hal_i2c.o
 .text.I2C_IsAcknowledgeFailed
                0x0000000008003ce4       0x5e ./Drivers/STM32F4xx_HAL_Driver/Src/stm32f4xx_hal_i2c.o
 *fill*         0x0000000008003d42        0x2 
 .text.HAL_RCC_OscConfig
                0x0000000008003d44      0x4f0 ./Drivers/STM32F4xx_HAL_Driver/Src/stm32f4xx_hal_rcc.o
                0x0000000008003d44                HAL_RCC_OscConfig
 .text.HAL_RCC_ClockConfig
                0x0000000008004234      0x1cc ./Drivers/STM32F4xx_HAL_Driver/Src/stm32f4xx_hal_rcc.o
                0x0000000008004234                HAL_RCC_ClockConfig
 .text.HAL_RCC_GetSysClockFreq
                0x0000000008004400      0x1c4 ./Drivers/STM32F4xx_HAL_Driver/Src/stm32f4xx_hal_rcc.o
                0x0000000008004400                HAL_RCC_GetSysClockFreq
 .text.HAL_RCC_GetHCLKFreq
                0x00000000080045c4       0x18 ./Drivers/STM32F4xx_HAL_Driver/Src/stm32f4xx_hal_rcc.o
                0x00000000080045c4                HAL_RCC_GetHCLKFreq
 .text.HAL_RCC_GetPCLK1Freq
                0x00000000080045dc       0x28 ./Drivers/STM32F4xx_HAL_Driver/Src/stm32f4xx_hal_rcc.o
                0x00000000080045dc                HAL_RCC_GetPCLK1Freq
 .text.HAL_SPI_Init
                0x0000000008004604      0x112 ./Drivers/STM32F4xx_HAL_Driver/Src/stm32f4xx_hal_spi.o
                0x0000000008004604                HAL_SPI_Init
 .text.HAL_SPI_Transmit
                0x0000000008004716      0x278 ./Drivers/STM32F4xx_HAL_Driver/Src/stm32f4xx_hal_spi.o
                0x0000000008004716                HAL_SPI_Transmit
 .text.HAL_SPI_Receive
                0x000000000800498e      0x222 ./Drivers/STM32F4xx_HAL_Driver/Src/stm32f4xx_hal_spi.o
                0x000000000800498e                HAL_SPI_Receive
 .text.HAL_SPI_TransmitReceive
                0x0000000008004bb0      0x344 ./Drivers/STM32F4xx_HAL_Driver/Src/stm32f4xx_hal_spi.o
                0x0000000008004bb0                HAL_SPI_TransmitReceive
 .text.SPI_WaitFlagStateUntilTimeout
                0x0000000008004ef4      0x110 ./Drivers/STM32F4xx_HAL_Driver/Src/stm32f4xx_hal_spi.o
 .text.SPI_EndRxTransaction
                0x0000000008005004       0xca ./Drivers/STM32F4xx_HAL_Driver/Src/stm32f4xx_hal_spi.o
 *fill*         0x00000000080050ce        0x2 
 .text.SPI_EndRxTxTransaction
                0x00000000080050d0       0x84 ./Drivers/STM32F4xx_HAL_Driver/Src/stm32f4xx_hal_spi.o
 .text.HAL_SRAM_Init
                0x0000000008005154       0x88 ./Drivers/STM32F4xx_HAL_Driver/Src/stm32f4xx_hal_sram.o
                0x0000000008005154                HAL_SRAM_Init
 .text.HAL_TIM_Base_Init
                0x00000000080051dc       0x9e ./Drivers/STM32F4xx_HAL_Driver/Src/stm32f4xx_hal_tim.o
                0x00000000080051dc                HAL_TIM_Base_Init
 *fill*         0x000000000800527a        0x2 
 .text.HAL_TIM_Base_Start_IT
                0x000000000800527c       0xe0 ./Drivers/STM32F4xx_HAL_Driver/Src/stm32f4xx_hal_tim.o
                0x000000000800527c                HAL_TIM_Base_Start_IT
 .text.HAL_TIM_IRQHandler
                0x000000000800535c      0x210 ./Drivers/STM32F4xx_HAL_Driver/Src/stm32f4xx_hal_tim.o
                0x000000000800535c                HAL_TIM_IRQHandler
 .text.HAL_TIM_ConfigClockSource
                0x000000000800556c      0x18e ./Drivers/STM32F4xx_HAL_Driver/Src/stm32f4xx_hal_tim.o
                0x000000000800556c                HAL_TIM_ConfigClockSource
 .text.HAL_TIM_OC_DelayElapsedCallback
                0x00000000080056fa       0x14 ./Drivers/STM32F4xx_HAL_Driver/Src/stm32f4xx_hal_tim.o
                0x00000000080056fa                HAL_TIM_OC_DelayElapsedCallback
 .text.HAL_TIM_IC_CaptureCallback
                0x000000000800570e       0x14 ./Drivers/STM32F4xx_HAL_Driver/Src/stm32f4xx_hal_tim.o
                0x000000000800570e                HAL_TIM_IC_CaptureCallback
 .text.HAL_TIM_PWM_PulseFinishedCallback
                0x0000000008005722       0x14 ./Drivers/STM32F4xx_HAL_Driver/Src/stm32f4xx_hal_tim.o
                0x0000000008005722                HAL_TIM_PWM_PulseFinishedCallback
 .text.HAL_TIM_TriggerCallback
                0x0000000008005736       0x14 ./Drivers/STM32F4xx_HAL_Driver/Src/stm32f4xx_hal_tim.o
                0x0000000008005736                HAL_TIM_TriggerCallback
 *fill*         0x000000000800574a        0x2 
 .text.TIM_Base_SetConfig
                0x000000000800574c      0x140 ./Drivers/STM32F4xx_HAL_Driver/Src/stm32f4xx_hal_tim.o
                0x000000000800574c                TIM_Base_SetConfig
 .text.TIM_TI1_ConfigInputStage
                0x000000000800588c       0x5e ./Drivers/STM32F4xx_HAL_Driver/Src/stm32f4xx_hal_tim.o
 .text.TIM_TI2_ConfigInputStage
                0x00000000080058ea       0x60 ./Drivers/STM32F4xx_HAL_Driver/Src/stm32f4xx_hal_tim.o
 .text.TIM_ITRx_SetConfig
                0x000000000800594a       0x36 ./Drivers/STM32F4xx_HAL_Driver/Src/stm32f4xx_hal_tim.o
 .text.TIM_ETR_SetConfig
                0x0000000008005980       0x40 ./Drivers/STM32F4xx_HAL_Driver/Src/stm32f4xx_hal_tim.o
                0x0000000008005980                TIM_ETR_SetConfig
 .text.HAL_TIMEx_MasterConfigSynchronization
                0x00000000080059c0       0xf8 ./Drivers/STM32F4xx_HAL_Driver/Src/stm32f4xx_hal_tim_ex.o
                0x00000000080059c0                HAL_TIMEx_MasterConfigSynchronization
 .text.HAL_TIMEx_CommutCallback
                0x0000000008005ab8       0x14 ./Drivers/STM32F4xx_HAL_Driver/Src/stm32f4xx_hal_tim_ex.o
                0x0000000008005ab8                HAL_TIMEx_CommutCallback
 .text.HAL_TIMEx_BreakCallback
                0x0000000008005acc       0x14 ./Drivers/STM32F4xx_HAL_Driver/Src/stm32f4xx_hal_tim_ex.o
                0x0000000008005acc                HAL_TIMEx_BreakCallback
 .text.FSMC_NORSRAM_Init
                0x0000000008005ae0       0xa4 ./Drivers/STM32F4xx_HAL_Driver/Src/stm32f4xx_ll_fsmc.o
                0x0000000008005ae0                FSMC_NORSRAM_Init
 .text.FSMC_NORSRAM_Timing_Init
                0x0000000008005b84       0x7a ./Drivers/STM32F4xx_HAL_Driver/Src/stm32f4xx_ll_fsmc.o
                0x0000000008005b84                FSMC_NORSRAM_Timing_Init
 *fill*         0x0000000008005bfe        0x2 
 .text.FSMC_NORSRAM_Extended_Timing_Init
                0x0000000008005c00       0x80 ./Drivers/STM32F4xx_HAL_Driver/Src/stm32f4xx_ll_fsmc.o
                0x0000000008005c00                FSMC_NORSRAM_Extended_Timing_Init
 .text.__libc_init_array
                0x0000000008005c80       0x48 c:/st/stm32cubeide_1.7.0/stm32cubeide/plugins/com.st.stm32cube.ide.mcu.externaltools.gnu-tools-for-stm32.9-2020-q2-update.win32_2.0.0.202105311346/tools/bin/../lib/gcc/arm-none-eabi/9.3.1/../../../../arm-none-eabi/lib/thumb/v7e-m+fp/hard\libc_nano.a(lib_a-init.o)
                0x0000000008005c80                __libc_init_array
 .text.memset   0x0000000008005cc8       0x10 c:/st/stm32cubeide_1.7.0/stm32cubeide/plugins/com.st.stm32cube.ide.mcu.externaltools.gnu-tools-for-stm32.9-2020-q2-update.win32_2.0.0.202105311346/tools/bin/../lib/gcc/arm-none-eabi/9.3.1/../../../../arm-none-eabi/lib/thumb/v7e-m+fp/hard\libc_nano.a(lib_a-memset.o)
                0x0000000008005cc8                memset
 *(.glue_7)
 .glue_7        0x0000000008005cd8        0x0 linker stubs
 *(.glue_7t)
 .glue_7t       0x0000000008005cd8        0x0 linker stubs
 *(.eh_frame)
 .eh_frame      0x0000000008005cd8        0x0 c:/st/stm32cubeide_1.7.0/stm32cubeide/plugins/com.st.stm32cube.ide.mcu.externaltools.gnu-tools-for-stm32.9-2020-q2-update.win32_2.0.0.202105311346/tools/bin/../lib/gcc/arm-none-eabi/9.3.1/thumb/v7e-m+fp/hard/crtbegin.o
 *(.init)
 .init          0x0000000008005cd8        0x4 c:/st/stm32cubeide_1.7.0/stm32cubeide/plugins/com.st.stm32cube.ide.mcu.externaltools.gnu-tools-for-stm32.9-2020-q2-update.win32_2.0.0.202105311346/tools/bin/../lib/gcc/arm-none-eabi/9.3.1/thumb/v7e-m+fp/hard/crti.o
                0x0000000008005cd8                _init
 .init          0x0000000008005cdc        0x8 c:/st/stm32cubeide_1.7.0/stm32cubeide/plugins/com.st.stm32cube.ide.mcu.externaltools.gnu-tools-for-stm32.9-2020-q2-update.win32_2.0.0.202105311346/tools/bin/../lib/gcc/arm-none-eabi/9.3.1/thumb/v7e-m+fp/hard/crtn.o
 *(.fini)
 .fini          0x0000000008005ce4        0x4 c:/st/stm32cubeide_1.7.0/stm32cubeide/plugins/com.st.stm32cube.ide.mcu.externaltools.gnu-tools-for-stm32.9-2020-q2-update.win32_2.0.0.202105311346/tools/bin/../lib/gcc/arm-none-eabi/9.3.1/thumb/v7e-m+fp/hard/crti.o
                0x0000000008005ce4                _fini
 .fini          0x0000000008005ce8        0x8 c:/st/stm32cubeide_1.7.0/stm32cubeide/plugins/com.st.stm32cube.ide.mcu.externaltools.gnu-tools-for-stm32.9-2020-q2-update.win32_2.0.0.202105311346/tools/bin/../lib/gcc/arm-none-eabi/9.3.1/thumb/v7e-m+fp/hard/crtn.o
                0x0000000008005cf0                . = ALIGN (0x4)
                0x0000000008005cf0                _etext = .

.vfp11_veneer   0x0000000008005cf0        0x0
 .vfp11_veneer  0x0000000008005cf0        0x0 linker stubs

.v4_bx          0x0000000008005cf0        0x0
 .v4_bx         0x0000000008005cf0        0x0 linker stubs

.iplt           0x0000000008005cf0        0x0
 .iplt          0x0000000008005cf0        0x0 c:/st/stm32cubeide_1.7.0/stm32cubeide/plugins/com.st.stm32cube.ide.mcu.externaltools.gnu-tools-for-stm32.9-2020-q2-update.win32_2.0.0.202105311346/tools/bin/../lib/gcc/arm-none-eabi/9.3.1/thumb/v7e-m+fp/hard/crtbegin.o

.rodata         0x0000000008005cf0     0x2fc0
                0x0000000008005cf0                . = ALIGN (0x4)
 *(.rodata)
 .rodata        0x0000000008005cf0       0x28 ./Core/Src/main.o
 *(.rodata*)
 .rodata.ascii_1608
                0x0000000008005d18      0x5f0 ./Core/Src/lcd.o
                0x0000000008005d18                ascii_1608
 .rodata.ascii_2412
                0x0000000008006308     0x11d0 ./Core/Src/lcd.o
                0x0000000008006308                ascii_2412
 .rodata.ascii_3216
                0x00000000080074d8     0x17c0 ./Core/Src/lcd.o
                0x00000000080074d8                ascii_3216
 .rodata.AHBPrescTable
                0x0000000008008c98       0x10 ./Core/Src/system_stm32f4xx.o
                0x0000000008008c98                AHBPrescTable
 .rodata.APBPrescTable
                0x0000000008008ca8        0x8 ./Core/Src/system_stm32f4xx.o
                0x0000000008008ca8                APBPrescTable
                0x0000000008008cb0                . = ALIGN (0x4)

.ARM.extab      0x0000000008008cb0        0x0
                0x0000000008008cb0                . = ALIGN (0x4)
 *(.ARM.extab* .gnu.linkonce.armextab.*)
                0x0000000008008cb0                . = ALIGN (0x4)

.ARM            0x0000000008008cb0        0x8
                0x0000000008008cb0                . = ALIGN (0x4)
                0x0000000008008cb0                __exidx_start = .
 *(.ARM.exidx*)
 .ARM.exidx     0x0000000008008cb0        0x8 c:/st/stm32cubeide_1.7.0/stm32cubeide/plugins/com.st.stm32cube.ide.mcu.externaltools.gnu-tools-for-stm32.9-2020-q2-update.win32_2.0.0.202105311346/tools/bin/../lib/gcc/arm-none-eabi/9.3.1/thumb/v7e-m+fp/hard\libgcc.a(_udivmoddi4.o)
                0x0000000008008cb8                __exidx_end = .
                0x0000000008008cb8                . = ALIGN (0x4)

.rel.dyn        0x0000000008008cb8        0x0
 .rel.iplt      0x0000000008008cb8        0x0 c:/st/stm32cubeide_1.7.0/stm32cubeide/plugins/com.st.stm32cube.ide.mcu.externaltools.gnu-tools-for-stm32.9-2020-q2-update.win32_2.0.0.202105311346/tools/bin/../lib/gcc/arm-none-eabi/9.3.1/thumb/v7e-m+fp/hard/crtbegin.o

.preinit_array  0x0000000008008cb8        0x0
                0x0000000008008cb8                . = ALIGN (0x4)
                0x0000000008008cb8                PROVIDE (__preinit_array_start = .)
 *(.preinit_array*)
                0x0000000008008cb8                PROVIDE (__preinit_array_end = .)
                0x0000000008008cb8                . = ALIGN (0x4)

.init_array     0x0000000008008cb8        0x4
                0x0000000008008cb8                . = ALIGN (0x4)
                0x0000000008008cb8                PROVIDE (__init_array_start = .)
 *(SORT_BY_NAME(.init_array.*))
 *(.init_array*)
 .init_array    0x0000000008008cb8        0x4 c:/st/stm32cubeide_1.7.0/stm32cubeide/plugins/com.st.stm32cube.ide.mcu.externaltools.gnu-tools-for-stm32.9-2020-q2-update.win32_2.0.0.202105311346/tools/bin/../lib/gcc/arm-none-eabi/9.3.1/thumb/v7e-m+fp/hard/crtbegin.o
                0x0000000008008cbc                PROVIDE (__init_array_end = .)
                0x0000000008008cbc                . = ALIGN (0x4)

.fini_array     0x0000000008008cbc        0x4
                0x0000000008008cbc                . = ALIGN (0x4)
                [!provide]                        PROVIDE (__fini_array_start = .)
 *(SORT_BY_NAME(.fini_array.*))
 *(.fini_array*)
 .fini_array    0x0000000008008cbc        0x4 c:/st/stm32cubeide_1.7.0/stm32cubeide/plugins/com.st.stm32cube.ide.mcu.externaltools.gnu-tools-for-stm32.9-2020-q2-update.win32_2.0.0.202105311346/tools/bin/../lib/gcc/arm-none-eabi/9.3.1/thumb/v7e-m+fp/hard/crtbegin.o
                [!provide]                        PROVIDE (__fini_array_end = .)
                0x0000000008008cc0                . = ALIGN (0x4)
                0x0000000008008cc0                _sidata = LOADADDR (.data)

.data           0x0000000020000000       0x28 load address 0x0000000008008cc0
                0x0000000020000000                . = ALIGN (0x4)
                0x0000000020000000                _sdata = .
 *(.data)
 *(.data*)
 .data.led7seg  0x0000000020000000        0x4 ./Core/Src/led_7seg.o
                0x0000000020000000                led7seg
 .data.spi_buffer
                0x0000000020000004        0x2 ./Core/Src/led_7seg.o
                0x0000000020000004                spi_buffer
 *fill*         0x0000000020000006        0x2 
 .data.status   0x0000000020000008        0x4 ./Core/Src/main.o
                0x0000000020000008                status
 .data.hour     0x000000002000000c        0x4 ./Core/Src/main.o
                0x000000002000000c                hour
 .data.minute   0x0000000020000010        0x4 ./Core/Src/main.o
                0x0000000020000010                minute
 .data.second   0x0000000020000014        0x4 ./Core/Src/main.o
                0x0000000020000014                second
 .data.alarm_second
                0x0000000020000018        0x4 ./Core/Src/main.o
                0x0000000020000018                alarm_second
 .data.SystemCoreClock
                0x000000002000001c        0x4 ./Core/Src/system_stm32f4xx.o
                0x000000002000001c                SystemCoreClock
 .data.uwTickPrio
                0x0000000020000020        0x4 ./Drivers/STM32F4xx_HAL_Driver/Src/stm32f4xx_hal.o
                0x0000000020000020                uwTickPrio
 .data.uwTickFreq
                0x0000000020000024        0x1 ./Drivers/STM32F4xx_HAL_Driver/Src/stm32f4xx_hal.o
                0x0000000020000024                uwTickFreq
 *(.RamFunc)
 *(.RamFunc*)
                0x0000000020000028                . = ALIGN (0x4)
 *fill*         0x0000000020000025        0x3 
                0x0000000020000028                _edata = .
                0x0000000008008ce8                _siccmram = LOADADDR (.ccmram)

.igot.plt       0x0000000020000028        0x0 load address 0x0000000008008ce8
 .igot.plt      0x0000000020000028        0x0 c:/st/stm32cubeide_1.7.0/stm32cubeide/plugins/com.st.stm32cube.ide.mcu.externaltools.gnu-tools-for-stm32.9-2020-q2-update.win32_2.0.0.202105311346/tools/bin/../lib/gcc/arm-none-eabi/9.3.1/thumb/v7e-m+fp/hard/crtbegin.o

.ccmram         0x0000000010000000        0x0 load address 0x0000000008008ce8
                0x0000000010000000                . = ALIGN (0x4)
                0x0000000010000000                _sccmram = .
 *(.ccmram)
 *(.ccmram*)
                0x0000000010000000                . = ALIGN (0x4)
                0x0000000010000000                _eccmram = .
                0x0000000010000000                . = ALIGN (0x4)

.bss            0x0000000020000028      0x1fc
                0x0000000020000028                _sbss = .
                0x0000000020000028                __bss_start__ = _sbss
 *(.bss)
 .bss           0x0000000020000028       0x1c c:/st/stm32cubeide_1.7.0/stm32cubeide/plugins/com.st.stm32cube.ide.mcu.externaltools.gnu-tools-for-stm32.9-2020-q2-update.win32_2.0.0.202105311346/tools/bin/../lib/gcc/arm-none-eabi/9.3.1/thumb/v7e-m+fp/hard/crtbegin.o
 *(.bss*)
 .bss.spi_button
                0x0000000020000044        0x2 ./Core/Src/button.o
                0x0000000020000044                spi_button
 *fill*         0x0000000020000046        0x2 
 .bss.FSMC_Initialized
                0x0000000020000048        0x4 ./Core/Src/fsmc.o
 .bss.led7_index
                0x000000002000004c        0x4 ./Core/Src/led_7seg.o
                0x000000002000004c                led7_index
 .bss.alarm_minute
                0x0000000020000050        0x4 ./Core/Src/main.o
                0x0000000020000050                alarm_minute
 .bss.alarm_hour
                0x0000000020000054        0x4 ./Core/Src/main.o
                0x0000000020000054                alarm_hour
 .bss.flag_timer2
                0x0000000020000058        0x2 ./Core/Src/software_timer.o
                0x0000000020000058                flag_timer2
 .bss.flag_timer3
                0x000000002000005a        0x2 ./Core/Src/software_timer.o
                0x000000002000005a                flag_timer3
 .bss.flag_timer_MOD
                0x000000002000005c        0x2 ./Core/Src/software_timer.o
                0x000000002000005c                flag_timer_MOD
 .bss.flag_timer_alarm
                0x000000002000005e        0x2 ./Core/Src/software_timer.o
                0x000000002000005e                flag_timer_alarm
 .bss.timer2_counter
                0x0000000020000060        0x2 ./Core/Src/software_timer.o
                0x0000000020000060                timer2_counter
 .bss.timer2_MUL
                0x0000000020000062        0x2 ./Core/Src/software_timer.o
                0x0000000020000062                timer2_MUL
 .bss.timer3_counter
                0x0000000020000064        0x2 ./Core/Src/software_timer.o
                0x0000000020000064                timer3_counter
 .bss.timer3_MUL
                0x0000000020000066        0x2 ./Core/Src/software_timer.o
                0x0000000020000066                timer3_MUL
 .bss.timer_MOD_counter
                0x0000000020000068        0x2 ./Core/Src/software_timer.o
                0x0000000020000068                timer_MOD_counter
 .bss.timer_MOD_MUL
                0x000000002000006a        0x2 ./Core/Src/software_timer.o
                0x000000002000006a                timer_MOD_MUL
 .bss.timer_alarm_counter
                0x000000002000006c        0x2 ./Core/Src/software_timer.o
                0x000000002000006c                timer_alarm_counter
 .bss.timer_alarm_MUL
                0x000000002000006e        0x2 ./Core/Src/software_timer.o
                0x000000002000006e                timer_alarm_MUL
 *(COMMON)
 COMMON         0x0000000020000070       0x20 ./Core/Src/button.o
                0x0000000020000070                button_count
 COMMON         0x0000000020000090        0xf ./Core/Src/ds3231.o
                0x0000000020000090                ds3231_sec
                0x0000000020000091                ds3231_year
                0x0000000020000092                ds3231_min
                0x0000000020000093                ds3231_date
                0x0000000020000094                ds3231_day
                0x0000000020000095                ds3231_hours
                0x0000000020000096                ds3231_month
                0x0000000020000098                ds3231_buffer
 *fill*         0x000000002000009f        0x1 
 COMMON         0x00000000200000a0       0x50 ./Core/Src/fsmc.o
                0x00000000200000a0                hsram1
 COMMON         0x00000000200000f0       0x54 ./Core/Src/i2c.o
                0x00000000200000f0                hi2c1
 COMMON         0x0000000020000144       0x3a ./Core/Src/lcd.o
                0x0000000020000144                lcddev
                0x000000002000014c                s
 *fill*         0x000000002000017e        0x2 
 COMMON         0x0000000020000180       0x58 ./Core/Src/spi.o
                0x0000000020000180                hspi1
 COMMON         0x00000000200001d8       0x48 ./Core/Src/tim.o
                0x00000000200001d8                htim2
 COMMON         0x0000000020000220        0x4 ./Drivers/STM32F4xx_HAL_Driver/Src/stm32f4xx_hal.o
                0x0000000020000220                uwTick
                0x0000000020000224                . = ALIGN (0x4)
                0x0000000020000224                _ebss = .
                0x0000000020000224                __bss_end__ = _ebss

._user_heap_stack
                0x0000000020000224      0x604
                0x0000000020000228                . = ALIGN (0x8)
 *fill*         0x0000000020000224        0x4 
                [!provide]                        PROVIDE (end = .)
                0x0000000020000228                PROVIDE (_end = .)
                0x0000000020000428                . = (. + _Min_Heap_Size)
 *fill*         0x0000000020000228      0x200 
                0x0000000020000828                . = (. + _Min_Stack_Size)
 *fill*         0x0000000020000428      0x400 
                0x0000000020000828                . = ALIGN (0x8)

/DISCARD/
 libc.a(*)
 libm.a(*)
 libgcc.a(*)

.ARM.attributes
                0x0000000000000000       0x30
 *(.ARM.attributes)
 .ARM.attributes
                0x0000000000000000       0x1e c:/st/stm32cubeide_1.7.0/stm32cubeide/plugins/com.st.stm32cube.ide.mcu.externaltools.gnu-tools-for-stm32.9-2020-q2-update.win32_2.0.0.202105311346/tools/bin/../lib/gcc/arm-none-eabi/9.3.1/thumb/v7e-m+fp/hard/crti.o
 .ARM.attributes
                0x000000000000001e       0x34 c:/st/stm32cubeide_1.7.0/stm32cubeide/plugins/com.st.stm32cube.ide.mcu.externaltools.gnu-tools-for-stm32.9-2020-q2-update.win32_2.0.0.202105311346/tools/bin/../lib/gcc/arm-none-eabi/9.3.1/thumb/v7e-m+fp/hard/crtbegin.o
 .ARM.attributes
                0x0000000000000052       0x34 ./Core/Src/button.o
 .ARM.attributes
                0x0000000000000086       0x34 ./Core/Src/ds3231.o
 .ARM.attributes
                0x00000000000000ba       0x34 ./Core/Src/fsmc.o
 .ARM.attributes
                0x00000000000000ee       0x34 ./Core/Src/gpio.o
 .ARM.attributes
                0x0000000000000122       0x34 ./Core/Src/i2c.o
 .ARM.attributes
                0x0000000000000156       0x34 ./Core/Src/lcd.o
 .ARM.attributes
                0x000000000000018a       0x34 ./Core/Src/led_7seg.o
 .ARM.attributes
                0x00000000000001be       0x34 ./Core/Src/main.o
 .ARM.attributes
                0x00000000000001f2       0x34 ./Core/Src/software_timer.o
 .ARM.attributes
                0x0000000000000226       0x34 ./Core/Src/spi.o
 .ARM.attributes
                0x000000000000025a       0x34 ./Core/Src/stm32f4xx_hal_msp.o
 .ARM.attributes
                0x000000000000028e       0x34 ./Core/Src/stm32f4xx_it.o
 .ARM.attributes
                0x00000000000002c2       0x34 ./Core/Src/system_stm32f4xx.o
 .ARM.attributes
                0x00000000000002f6       0x34 ./Core/Src/tim.o
 .ARM.attributes
                0x000000000000032a       0x34 ./Core/Src/utils.o
 .ARM.attributes
                0x000000000000035e       0x21 ./Core/Startup/startup_stm32f407zetx.o
 .ARM.attributes
                0x000000000000037f       0x34 ./Drivers/STM32F4xx_HAL_Driver/Src/stm32f4xx_hal.o
 .ARM.attributes
                0x00000000000003b3       0x34 ./Drivers/STM32F4xx_HAL_Driver/Src/stm32f4xx_hal_cortex.o
 .ARM.attributes
                0x00000000000003e7       0x34 ./Drivers/STM32F4xx_HAL_Driver/Src/stm32f4xx_hal_gpio.o
 .ARM.attributes
                0x000000000000041b       0x34 ./Drivers/STM32F4xx_HAL_Driver/Src/stm32f4xx_hal_i2c.o
 .ARM.attributes
                0x000000000000044f       0x34 ./Drivers/STM32F4xx_HAL_Driver/Src/stm32f4xx_hal_rcc.o
 .ARM.attributes
                0x0000000000000483       0x34 ./Drivers/STM32F4xx_HAL_Driver/Src/stm32f4xx_hal_spi.o
 .ARM.attributes
                0x00000000000004b7       0x34 ./Drivers/STM32F4xx_HAL_Driver/Src/stm32f4xx_hal_sram.o
 .ARM.attributes
                0x00000000000004eb       0x34 ./Drivers/STM32F4xx_HAL_Driver/Src/stm32f4xx_hal_tim.o
 .ARM.attributes
                0x000000000000051f       0x34 ./Drivers/STM32F4xx_HAL_Driver/Src/stm32f4xx_hal_tim_ex.o
 .ARM.attributes
                0x0000000000000553       0x34 ./Drivers/STM32F4xx_HAL_Driver/Src/stm32f4xx_ll_fsmc.o
 .ARM.attributes
                0x0000000000000587       0x34 c:/st/stm32cubeide_1.7.0/stm32cubeide/plugins/com.st.stm32cube.ide.mcu.externaltools.gnu-tools-for-stm32.9-2020-q2-update.win32_2.0.0.202105311346/tools/bin/../lib/gcc/arm-none-eabi/9.3.1/../../../../arm-none-eabi/lib/thumb/v7e-m+fp/hard\libc_nano.a(lib_a-init.o)
 .ARM.attributes
                0x00000000000005bb       0x34 c:/st/stm32cubeide_1.7.0/stm32cubeide/plugins/com.st.stm32cube.ide.mcu.externaltools.gnu-tools-for-stm32.9-2020-q2-update.win32_2.0.0.202105311346/tools/bin/../lib/gcc/arm-none-eabi/9.3.1/../../../../arm-none-eabi/lib/thumb/v7e-m+fp/hard\libc_nano.a(lib_a-memset.o)
 .ARM.attributes
                0x00000000000005ef       0x17 c:/st/stm32cubeide_1.7.0/stm32cubeide/plugins/com.st.stm32cube.ide.mcu.externaltools.gnu-tools-for-stm32.9-2020-q2-update.win32_2.0.0.202105311346/tools/bin/../lib/gcc/arm-none-eabi/9.3.1/../../../../arm-none-eabi/lib/thumb/v7e-m+fp/hard\libc_nano.a(lib_a-strlen.o)
 .ARM.attributes
                0x0000000000000606       0x1e c:/st/stm32cubeide_1.7.0/stm32cubeide/plugins/com.st.stm32cube.ide.mcu.externaltools.gnu-tools-for-stm32.9-2020-q2-update.win32_2.0.0.202105311346/tools/bin/../lib/gcc/arm-none-eabi/9.3.1/thumb/v7e-m+fp/hard\libgcc.a(_aeabi_uldivmod.o)
 .ARM.attributes
                0x0000000000000624       0x34 c:/st/stm32cubeide_1.7.0/stm32cubeide/plugins/com.st.stm32cube.ide.mcu.externaltools.gnu-tools-for-stm32.9-2020-q2-update.win32_2.0.0.202105311346/tools/bin/../lib/gcc/arm-none-eabi/9.3.1/thumb/v7e-m+fp/hard\libgcc.a(_udivmoddi4.o)
 .ARM.attributes
                0x0000000000000658       0x1e c:/st/stm32cubeide_1.7.0/stm32cubeide/plugins/com.st.stm32cube.ide.mcu.externaltools.gnu-tools-for-stm32.9-2020-q2-update.win32_2.0.0.202105311346/tools/bin/../lib/gcc/arm-none-eabi/9.3.1/thumb/v7e-m+fp/hard\libgcc.a(_dvmd_tls.o)
 .ARM.attributes
                0x0000000000000676       0x1e c:/st/stm32cubeide_1.7.0/stm32cubeide/plugins/com.st.stm32cube.ide.mcu.externaltools.gnu-tools-for-stm32.9-2020-q2-update.win32_2.0.0.202105311346/tools/bin/../lib/gcc/arm-none-eabi/9.3.1/thumb/v7e-m+fp/hard/crtn.o
OUTPUT(Bai4_I2C_Realtimeclock.elf elf32-littlearm)
LOAD linker stubs
LOAD c:/st/stm32cubeide_1.7.0/stm32cubeide/plugins/com.st.stm32cube.ide.mcu.externaltools.gnu-tools-for-stm32.9-2020-q2-update.win32_2.0.0.202105311346/tools/bin/../lib/gcc/arm-none-eabi/9.3.1/../../../../arm-none-eabi/lib/thumb/v7e-m+fp/hard\libc.a
LOAD c:/st/stm32cubeide_1.7.0/stm32cubeide/plugins/com.st.stm32cube.ide.mcu.externaltools.gnu-tools-for-stm32.9-2020-q2-update.win32_2.0.0.202105311346/tools/bin/../lib/gcc/arm-none-eabi/9.3.1/../../../../arm-none-eabi/lib/thumb/v7e-m+fp/hard\libm.a
LOAD c:/st/stm32cubeide_1.7.0/stm32cubeide/plugins/com.st.stm32cube.ide.mcu.externaltools.gnu-tools-for-stm32.9-2020-q2-update.win32_2.0.0.202105311346/tools/bin/../lib/gcc/arm-none-eabi/9.3.1/thumb/v7e-m+fp/hard\libgcc.a

.debug_info     0x0000000000000000    0x15e0f
 .debug_info    0x0000000000000000      0x7f4 ./Core/Src/button.o
 .debug_info    0x00000000000007f4      0x839 ./Core/Src/ds3231.o
 .debug_info    0x000000000000102d      0xa96 ./Core/Src/fsmc.o
 .debug_info    0x0000000000001ac3      0x569 ./Core/Src/gpio.o
 .debug_info    0x000000000000202c      0xa7d ./Core/Src/i2c.o
 .debug_info    0x0000000000002aa9     0x17e8 ./Core/Src/lcd.o
 .debug_info    0x0000000000004291      0x89c ./Core/Src/led_7seg.o
 .debug_info    0x0000000000004b2d     0x1f52 ./Core/Src/main.o
 .debug_info    0x0000000000006a7f      0x949 ./Core/Src/software_timer.o
 .debug_info    0x00000000000073c8      0xa5a ./Core/Src/spi.o
 .debug_info    0x0000000000007e22      0x394 ./Core/Src/stm32f4xx_hal_msp.o
 .debug_info    0x00000000000081b6      0x801 ./Core/Src/stm32f4xx_it.o
 .debug_info    0x00000000000089b7      0x5a4 ./Core/Src/system_stm32f4xx.o
 .debug_info    0x0000000000008f5b      0xc88 ./Core/Src/tim.o
 .debug_info    0x0000000000009be3       0xd8 ./Core/Src/utils.o
 .debug_info    0x0000000000009cbb       0x22 ./Core/Startup/startup_stm32f407zetx.o
 .debug_info    0x0000000000009cdd      0x9b2 ./Drivers/STM32F4xx_HAL_Driver/Src/stm32f4xx_hal.o
 .debug_info    0x000000000000a68f      0xed7 ./Drivers/STM32F4xx_HAL_Driver/Src/stm32f4xx_hal_cortex.o
 .debug_info    0x000000000000b566      0x83e ./Drivers/STM32F4xx_HAL_Driver/Src/stm32f4xx_hal_gpio.o
 .debug_info    0x000000000000bda4     0x264d ./Drivers/STM32F4xx_HAL_Driver/Src/stm32f4xx_hal_i2c.o
 .debug_info    0x000000000000e3f1      0x996 ./Drivers/STM32F4xx_HAL_Driver/Src/stm32f4xx_hal_rcc.o
 .debug_info    0x000000000000ed87     0x17c0 ./Drivers/STM32F4xx_HAL_Driver/Src/stm32f4xx_hal_spi.o
 .debug_info    0x0000000000010547      0xbab ./Drivers/STM32F4xx_HAL_Driver/Src/stm32f4xx_hal_sram.o
 .debug_info    0x00000000000110f2     0x2c22 ./Drivers/STM32F4xx_HAL_Driver/Src/stm32f4xx_hal_tim.o
 .debug_info    0x0000000000013d14     0x15a2 ./Drivers/STM32F4xx_HAL_Driver/Src/stm32f4xx_hal_tim_ex.o
 .debug_info    0x00000000000152b6      0xb59 ./Drivers/STM32F4xx_HAL_Driver/Src/stm32f4xx_ll_fsmc.o

.debug_abbrev   0x0000000000000000     0x317d
 .debug_abbrev  0x0000000000000000      0x1bf ./Core/Src/button.o
 .debug_abbrev  0x00000000000001bf      0x1a7 ./Core/Src/ds3231.o
 .debug_abbrev  0x0000000000000366      0x1e2 ./Core/Src/fsmc.o
 .debug_abbrev  0x0000000000000548      0x14e ./Core/Src/gpio.o
 .debug_abbrev  0x0000000000000696      0x1bb ./Core/Src/i2c.o
 .debug_abbrev  0x0000000000000851      0x390 ./Core/Src/lcd.o
 .debug_abbrev  0x0000000000000be1      0x1a9 ./Core/Src/led_7seg.o
 .debug_abbrev  0x0000000000000d8a      0x334 ./Core/Src/main.o
 .debug_abbrev  0x00000000000010be      0x1f3 ./Core/Src/software_timer.o
 .debug_abbrev  0x00000000000012b1      0x1bb ./Core/Src/spi.o
 .debug_abbrev  0x000000000000146c      0x11d ./Core/Src/stm32f4xx_hal_msp.o
 .debug_abbrev  0x0000000000001589      0x176 ./Core/Src/stm32f4xx_it.o
 .debug_abbrev  0x00000000000016ff      0x145 ./Core/Src/system_stm32f4xx.o
 .debug_abbrev  0x0000000000001844      0x1bb ./Core/Src/tim.o
 .debug_abbrev  0x00000000000019ff       0x87 ./Core/Src/utils.o
 .debug_abbrev  0x0000000000001a86       0x12 ./Core/Startup/startup_stm32f407zetx.o
 .debug_abbrev  0x0000000000001a98      0x1ed ./Drivers/STM32F4xx_HAL_Driver/Src/stm32f4xx_hal.o
 .debug_abbrev  0x0000000000001c85      0x33c ./Drivers/STM32F4xx_HAL_Driver/Src/stm32f4xx_hal_cortex.o
 .debug_abbrev  0x0000000000001fc1      0x1f1 ./Drivers/STM32F4xx_HAL_Driver/Src/stm32f4xx_hal_gpio.o
 .debug_abbrev  0x00000000000021b2      0x282 ./Drivers/STM32F4xx_HAL_Driver/Src/stm32f4xx_hal_i2c.o
 .debug_abbrev  0x0000000000002434      0x275 ./Drivers/STM32F4xx_HAL_Driver/Src/stm32f4xx_hal_rcc.o
 .debug_abbrev  0x00000000000026a9      0x26e ./Drivers/STM32F4xx_HAL_Driver/Src/stm32f4xx_hal_spi.o
 .debug_abbrev  0x0000000000002917      0x1f4 ./Drivers/STM32F4xx_HAL_Driver/Src/stm32f4xx_hal_sram.o
 .debug_abbrev  0x0000000000002b0b      0x25e ./Drivers/STM32F4xx_HAL_Driver/Src/stm32f4xx_hal_tim.o
 .debug_abbrev  0x0000000000002d69      0x266 ./Drivers/STM32F4xx_HAL_Driver/Src/stm32f4xx_hal_tim_ex.o
 .debug_abbrev  0x0000000000002fcf      0x1ae ./Drivers/STM32F4xx_HAL_Driver/Src/stm32f4xx_ll_fsmc.o

.debug_aranges  0x0000000000000000     0x1220
 .debug_aranges
                0x0000000000000000       0x28 ./Core/Src/button.o
 .debug_aranges
                0x0000000000000028       0x30 ./Core/Src/ds3231.o
 .debug_aranges
                0x0000000000000058       0x40 ./Core/Src/fsmc.o
 .debug_aranges
                0x0000000000000098       0x20 ./Core/Src/gpio.o
 .debug_aranges
                0x00000000000000b8       0x30 ./Core/Src/i2c.o
 .debug_aranges
                0x00000000000000e8       0xe8 ./Core/Src/lcd.o
 .debug_aranges
                0x00000000000001d0       0x48 ./Core/Src/led_7seg.o
 .debug_aranges
                0x0000000000000218       0x88 ./Core/Src/main.o
 .debug_aranges
                0x00000000000002a0       0x48 ./Core/Src/software_timer.o
 .debug_aranges
                0x00000000000002e8       0x30 ./Core/Src/spi.o
 .debug_aranges
                0x0000000000000318       0x20 ./Core/Src/stm32f4xx_hal_msp.o
 .debug_aranges
                0x0000000000000338       0x68 ./Core/Src/stm32f4xx_it.o
 .debug_aranges
                0x00000000000003a0       0x28 ./Core/Src/system_stm32f4xx.o
 .debug_aranges
                0x00000000000003c8       0x30 ./Core/Src/tim.o
 .debug_aranges
                0x00000000000003f8       0x28 ./Core/Src/utils.o
 .debug_aranges
                0x0000000000000420       0x28 ./Core/Startup/startup_stm32f407zetx.o
 .debug_aranges
                0x0000000000000448       0xf0 ./Drivers/STM32F4xx_HAL_Driver/Src/stm32f4xx_hal.o
 .debug_aranges
                0x0000000000000538      0x118 ./Drivers/STM32F4xx_HAL_Driver/Src/stm32f4xx_hal_cortex.o
 .debug_aranges
                0x0000000000000650       0x58 ./Drivers/STM32F4xx_HAL_Driver/Src/stm32f4xx_hal_gpio.o
 .debug_aranges
                0x00000000000006a8      0x2a0 ./Drivers/STM32F4xx_HAL_Driver/Src/stm32f4xx_hal_i2c.o
 .debug_aranges
                0x0000000000000948       0x88 ./Drivers/STM32F4xx_HAL_Driver/Src/stm32f4xx_hal_rcc.o
 .debug_aranges
                0x00000000000009d0      0x1d0 ./Drivers/STM32F4xx_HAL_Driver/Src/stm32f4xx_hal_spi.o
 .debug_aranges
                0x0000000000000ba0       0xa0 ./Drivers/STM32F4xx_HAL_Driver/Src/stm32f4xx_hal_sram.o
 .debug_aranges
                0x0000000000000c40      0x3d0 ./Drivers/STM32F4xx_HAL_Driver/Src/stm32f4xx_hal_tim.o
 .debug_aranges
                0x0000000000001010      0x168 ./Drivers/STM32F4xx_HAL_Driver/Src/stm32f4xx_hal_tim_ex.o
 .debug_aranges
                0x0000000000001178       0xa8 ./Drivers/STM32F4xx_HAL_Driver/Src/stm32f4xx_ll_fsmc.o

.debug_ranges   0x0000000000000000     0x10b0
 .debug_ranges  0x0000000000000000       0x18 ./Core/Src/button.o
 .debug_ranges  0x0000000000000018       0x20 ./Core/Src/ds3231.o
 .debug_ranges  0x0000000000000038       0x30 ./Core/Src/fsmc.o
 .debug_ranges  0x0000000000000068       0x10 ./Core/Src/gpio.o
 .debug_ranges  0x0000000000000078       0x20 ./Core/Src/i2c.o
 .debug_ranges  0x0000000000000098       0xd8 ./Core/Src/lcd.o
 .debug_ranges  0x0000000000000170       0x38 ./Core/Src/led_7seg.o
 .debug_ranges  0x00000000000001a8       0x78 ./Core/Src/main.o
 .debug_ranges  0x0000000000000220       0x38 ./Core/Src/software_timer.o
 .debug_ranges  0x0000000000000258       0x20 ./Core/Src/spi.o
 .debug_ranges  0x0000000000000278       0x10 ./Core/Src/stm32f4xx_hal_msp.o
 .debug_ranges  0x0000000000000288       0x58 ./Core/Src/stm32f4xx_it.o
 .debug_ranges  0x00000000000002e0       0x18 ./Core/Src/system_stm32f4xx.o
 .debug_ranges  0x00000000000002f8       0x20 ./Core/Src/tim.o
 .debug_ranges  0x0000000000000318       0x18 ./Core/Src/utils.o
 .debug_ranges  0x0000000000000330       0x20 ./Core/Startup/startup_stm32f407zetx.o
 .debug_ranges  0x0000000000000350       0xe0 ./Drivers/STM32F4xx_HAL_Driver/Src/stm32f4xx_hal.o
 .debug_ranges  0x0000000000000430      0x108 ./Drivers/STM32F4xx_HAL_Driver/Src/stm32f4xx_hal_cortex.o
 .debug_ranges  0x0000000000000538       0x48 ./Drivers/STM32F4xx_HAL_Driver/Src/stm32f4xx_hal_gpio.o
 .debug_ranges  0x0000000000000580      0x2b8 ./Drivers/STM32F4xx_HAL_Driver/Src/stm32f4xx_hal_i2c.o
 .debug_ranges  0x0000000000000838       0x78 ./Drivers/STM32F4xx_HAL_Driver/Src/stm32f4xx_hal_rcc.o
 .debug_ranges  0x00000000000008b0      0x1c0 ./Drivers/STM32F4xx_HAL_Driver/Src/stm32f4xx_hal_spi.o
 .debug_ranges  0x0000000000000a70       0x90 ./Drivers/STM32F4xx_HAL_Driver/Src/stm32f4xx_hal_sram.o
 .debug_ranges  0x0000000000000b00      0x3c0 ./Drivers/STM32F4xx_HAL_Driver/Src/stm32f4xx_hal_tim.o
 .debug_ranges  0x0000000000000ec0      0x158 ./Drivers/STM32F4xx_HAL_Driver/Src/stm32f4xx_hal_tim_ex.o
 .debug_ranges  0x0000000000001018       0x98 ./Drivers/STM32F4xx_HAL_Driver/Src/stm32f4xx_ll_fsmc.o

.debug_macro    0x0000000000000000    0x230d4
 .debug_macro   0x0000000000000000      0x230 ./Core/Src/button.o
 .debug_macro   0x0000000000000230      0xaa8 ./Core/Src/button.o
 .debug_macro   0x0000000000000cd8      0x2a7 ./Core/Src/button.o
 .debug_macro   0x0000000000000f7f       0x2e ./Core/Src/button.o
 .debug_macro   0x0000000000000fad       0x2f ./Core/Src/button.o
 .debug_macro   0x0000000000000fdc       0x22 ./Core/Src/button.o
 .debug_macro   0x0000000000000ffe       0x8e ./Core/Src/button.o
 .debug_macro   0x000000000000108c       0x51 ./Core/Src/button.o
 .debug_macro   0x00000000000010dd      0x103 ./Core/Src/button.o
 .debug_macro   0x00000000000011e0       0x6a ./Core/Src/button.o
 .debug_macro   0x000000000000124a      0x1df ./Core/Src/button.o
 .debug_macro   0x0000000000001429       0x1c ./Core/Src/button.o
 .debug_macro   0x0000000000001445       0x22 ./Core/Src/button.o
 .debug_macro   0x0000000000001467       0xdf ./Core/Src/button.o
 .debug_macro   0x0000000000001546     0x102d ./Core/Src/button.o
 .debug_macro   0x0000000000002573      0x11f ./Core/Src/button.o
 .debug_macro   0x0000000000002692    0x15e58 ./Core/Src/button.o
 .debug_macro   0x00000000000184ea       0x6d ./Core/Src/button.o
 .debug_macro   0x0000000000018557     0x3666 ./Core/Src/button.o
 .debug_macro   0x000000000001bbbd      0x174 ./Core/Src/button.o
 .debug_macro   0x000000000001bd31       0x5c ./Core/Src/button.o
 .debug_macro   0x000000000001bd8d      0x96b ./Core/Src/button.o
 .debug_macro   0x000000000001c6f8      0x9fe ./Core/Src/button.o
 .debug_macro   0x000000000001d0f6      0x116 ./Core/Src/button.o
 .debug_macro   0x000000000001d20c      0x13e ./Core/Src/button.o
 .debug_macro   0x000000000001d34a       0xa5 ./Core/Src/button.o
 .debug_macro   0x000000000001d3ef      0x174 ./Core/Src/button.o
 .debug_macro   0x000000000001d563      0x287 ./Core/Src/button.o
 .debug_macro   0x000000000001d7ea       0x5f ./Core/Src/button.o
 .debug_macro   0x000000000001d849      0x236 ./Core/Src/button.o
 .debug_macro   0x000000000001da7f      0x12c ./Core/Src/button.o
 .debug_macro   0x000000000001dbab      0x21e ./Core/Src/button.o
 .debug_macro   0x000000000001ddc9       0x2e ./Core/Src/button.o
 .debug_macro   0x000000000001ddf7      0x543 ./Core/Src/button.o
 .debug_macro   0x000000000001e33a      0x1b5 ./Core/Src/button.o
 .debug_macro   0x000000000001e4ef       0xd6 ./Core/Src/button.o
 .debug_macro   0x000000000001e5c5      0x11a ./Core/Src/button.o
 .debug_macro   0x000000000001e6df       0x7e ./Core/Src/button.o
 .debug_macro   0x000000000001e75d       0x89 ./Core/Src/button.o
 .debug_macro   0x000000000001e7e6      0x225 ./Core/Src/button.o
 .debug_macro   0x000000000001ea0b      0x8d1 ./Core/Src/button.o
 .debug_macro   0x000000000001f2dc       0x47 ./Core/Src/button.o
 .debug_macro   0x000000000001f323      0x12d ./Core/Src/button.o
 .debug_macro   0x000000000001f450       0x88 ./Core/Src/button.o
 .debug_macro   0x000000000001f4d8      0x23b ./Core/Src/ds3231.o
 .debug_macro   0x000000000001f713       0x2e ./Core/Src/ds3231.o
 .debug_macro   0x000000000001f741      0x21c ./Core/Src/fsmc.o
 .debug_macro   0x000000000001f95d      0x21c ./Core/Src/gpio.o
 .debug_macro   0x000000000001fb79      0x21c ./Core/Src/i2c.o
 .debug_macro   0x000000000001fd95      0x331 ./Core/Src/lcd.o
 .debug_macro   0x00000000000200c6       0x18 ./Core/Src/lcd.o
 .debug_macro   0x00000000000200de       0x52 ./Core/Src/lcd.o
 .debug_macro   0x0000000000020130       0x3c ./Core/Src/lcd.o
 .debug_macro   0x000000000002016c       0x34 ./Core/Src/lcd.o
 .debug_macro   0x00000000000201a0       0x16 ./Core/Src/lcd.o
 .debug_macro   0x00000000000201b6       0x35 ./Core/Src/lcd.o
 .debug_macro   0x00000000000201eb       0x16 ./Core/Src/lcd.o
 .debug_macro   0x0000000000020201       0x43 ./Core/Src/lcd.o
 .debug_macro   0x0000000000020244       0x34 ./Core/Src/lcd.o
 .debug_macro   0x0000000000020278       0x10 ./Core/Src/lcd.o
 .debug_macro   0x0000000000020288       0x58 ./Core/Src/lcd.o
 .debug_macro   0x00000000000202e0       0x71 ./Core/Src/lcd.o
 .debug_macro   0x0000000000020351       0x1c ./Core/Src/lcd.o
 .debug_macro   0x000000000002036d      0x12a ./Core/Src/lcd.o
 .debug_macro   0x0000000000020497      0x333 ./Core/Src/lcd.o
 .debug_macro   0x00000000000207ca       0x16 ./Core/Src/lcd.o
 .debug_macro   0x00000000000207e0       0x29 ./Core/Src/lcd.o
 .debug_macro   0x0000000000020809       0x16 ./Core/Src/lcd.o
 .debug_macro   0x000000000002081f       0x20 ./Core/Src/lcd.o
 .debug_macro   0x000000000002083f       0xca ./Core/Src/lcd.o
 .debug_macro   0x0000000000020909      0x226 ./Core/Src/led_7seg.o
 .debug_macro   0x0000000000020b2f      0x3a4 ./Core/Src/main.o
 .debug_macro   0x0000000000020ed3      0x22c ./Core/Src/software_timer.o
 .debug_macro   0x00000000000210ff      0x21c ./Core/Src/spi.o
 .debug_macro   0x000000000002131b      0x212 ./Core/Src/stm32f4xx_hal_msp.o
 .debug_macro   0x000000000002152d      0x21c ./Core/Src/stm32f4xx_it.o
 .debug_macro   0x0000000000021749      0x203 ./Core/Src/system_stm32f4xx.o
 .debug_macro   0x000000000002194c      0x21c ./Core/Src/tim.o
 .debug_macro   0x0000000000021b68       0x6d ./Core/Src/utils.o
 .debug_macro   0x0000000000021bd5      0x263 ./Drivers/STM32F4xx_HAL_Driver/Src/stm32f4xx_hal.o
 .debug_macro   0x0000000000021e38      0x203 ./Drivers/STM32F4xx_HAL_Driver/Src/stm32f4xx_hal_cortex.o
 .debug_macro   0x000000000002203b      0x209 ./Drivers/STM32F4xx_HAL_Driver/Src/stm32f4xx_hal_gpio.o
 .debug_macro   0x0000000000022244      0x24a ./Drivers/STM32F4xx_HAL_Driver/Src/stm32f4xx_hal_i2c.o
 .debug_macro   0x000000000002248e      0x227 ./Drivers/STM32F4xx_HAL_Driver/Src/stm32f4xx_hal_rcc.o
 .debug_macro   0x00000000000226b5      0x212 ./Drivers/STM32F4xx_HAL_Driver/Src/stm32f4xx_hal_spi.o
 .debug_macro   0x00000000000228c7      0x203 ./Drivers/STM32F4xx_HAL_Driver/Src/stm32f4xx_hal_sram.o
 .debug_macro   0x0000000000022aca      0x204 ./Drivers/STM32F4xx_HAL_Driver/Src/stm32f4xx_hal_tim.o
 .debug_macro   0x0000000000022cce      0x203 ./Drivers/STM32F4xx_HAL_Driver/Src/stm32f4xx_hal_tim_ex.o
 .debug_macro   0x0000000000022ed1      0x203 ./Drivers/STM32F4xx_HAL_Driver/Src/stm32f4xx_ll_fsmc.o

.debug_line     0x0000000000000000    0x16e3f
 .debug_line    0x0000000000000000      0x7b1 ./Core/Src/button.o
 .debug_line    0x00000000000007b1      0x7c9 ./Core/Src/ds3231.o
 .debug_line    0x0000000000000f7a      0x826 ./Core/Src/fsmc.o
 .debug_line    0x00000000000017a0      0x784 ./Core/Src/gpio.o
 .debug_line    0x0000000000001f24      0x78f ./Core/Src/i2c.o
 .debug_line    0x00000000000026b3     0x1043 ./Core/Src/lcd.o
 .debug_line    0x00000000000036f6      0x81e ./Core/Src/led_7seg.o
 .debug_line    0x0000000000003f14      0xe28 ./Core/Src/main.o
 .debug_line    0x0000000000004d3c      0x823 ./Core/Src/software_timer.o
 .debug_line    0x000000000000555f      0x797 ./Core/Src/spi.o
 .debug_line    0x0000000000005cf6      0x726 ./Core/Src/stm32f4xx_hal_msp.o
 .debug_line    0x000000000000641c      0x800 ./Core/Src/stm32f4xx_it.o
 .debug_line    0x0000000000006c1c      0x7a7 ./Core/Src/system_stm32f4xx.o
 .debug_line    0x00000000000073c3      0x793 ./Core/Src/tim.o
 .debug_line    0x0000000000007b56      0x3c2 ./Core/Src/utils.o
 .debug_line    0x0000000000007f18       0x88 ./Core/Startup/startup_stm32f407zetx.o
 .debug_line    0x0000000000007fa0      0xa0d ./Drivers/STM32F4xx_HAL_Driver/Src/stm32f4xx_hal.o
 .debug_line    0x00000000000089ad      0xcbc ./Drivers/STM32F4xx_HAL_Driver/Src/stm32f4xx_hal_cortex.o
 .debug_line    0x0000000000009669      0xb83 ./Drivers/STM32F4xx_HAL_Driver/Src/stm32f4xx_hal_gpio.o
 .debug_line    0x000000000000a1ec     0x39b9 ./Drivers/STM32F4xx_HAL_Driver/Src/stm32f4xx_hal_i2c.o
 .debug_line    0x000000000000dba5      0xd89 ./Drivers/STM32F4xx_HAL_Driver/Src/stm32f4xx_hal_rcc.o
 .debug_line    0x000000000000e92e     0x1c95 ./Drivers/STM32F4xx_HAL_Driver/Src/stm32f4xx_hal_spi.o
 .debug_line    0x00000000000105c3      0xbaf ./Drivers/STM32F4xx_HAL_Driver/Src/stm32f4xx_hal_sram.o
 .debug_line    0x0000000000011172     0x3701 ./Drivers/STM32F4xx_HAL_Driver/Src/stm32f4xx_hal_tim.o
 .debug_line    0x0000000000014873     0x1a0a ./Drivers/STM32F4xx_HAL_Driver/Src/stm32f4xx_hal_tim_ex.o
 .debug_line    0x000000000001627d      0xbc2 ./Drivers/STM32F4xx_HAL_Driver/Src/stm32f4xx_ll_fsmc.o

.debug_str      0x0000000000000000    0xcf8d6
 .debug_str     0x0000000000000000    0xc786e ./Core/Src/button.o
                                      0xc7b83 (size before relaxing)
 .debug_str     0x00000000000c786e      0x3dd ./Core/Src/ds3231.o
                                      0xc7d0a (size before relaxing)
 .debug_str     0x00000000000c7c4b      0x3b5 ./Core/Src/fsmc.o
                                      0xc7d80 (size before relaxing)
 .debug_str     0x00000000000c8000       0x3c ./Core/Src/gpio.o
                                      0xc785e (size before relaxing)
 .debug_str     0x00000000000c803c       0x4b ./Core/Src/i2c.o
                                      0xc7d5e (size before relaxing)
 .debug_str     0x00000000000c8087     0x372a ./Core/Src/lcd.o
                                      0xcaece (size before relaxing)
 .debug_str     0x00000000000cb7b1       0x98 ./Core/Src/led_7seg.o
                                      0xc7bbf (size before relaxing)
 .debug_str     0x00000000000cb849      0x512 ./Core/Src/main.o
                                      0xcbc6a (size before relaxing)
 .debug_str     0x00000000000cbd5b      0x10c ./Core/Src/software_timer.o
                                      0xc7d3d (size before relaxing)
 .debug_str     0x00000000000cbe67       0x4b ./Core/Src/spi.o
                                      0xc7cbb (size before relaxing)
 .debug_str     0x00000000000cbeb2       0x2c ./Core/Src/stm32f4xx_hal_msp.o
                                      0xc77c1 (size before relaxing)
 .debug_str     0x00000000000cbede       0xcd ./Core/Src/stm32f4xx_it.o
                                      0xc7c86 (size before relaxing)
 .debug_str     0x00000000000cbfab       0xaf ./Core/Src/system_stm32f4xx.o
                                      0xc7611 (size before relaxing)
 .debug_str     0x00000000000cc05a      0x5c8 ./Core/Src/tim.o
                                      0xc82de (size before relaxing)
 .debug_str     0x00000000000cc622       0x24 ./Core/Src/utils.o
                                       0x3d1d (size before relaxing)
 .debug_str     0x00000000000cc646       0x36 ./Core/Startup/startup_stm32f407zetx.o
                                         0x8c (size before relaxing)
 .debug_str     0x00000000000cc67c      0x583 ./Drivers/STM32F4xx_HAL_Driver/Src/stm32f4xx_hal.o
                                      0xc80f3 (size before relaxing)
 .debug_str     0x00000000000ccbff      0x399 ./Drivers/STM32F4xx_HAL_Driver/Src/stm32f4xx_hal_cortex.o
                                      0xc7ee2 (size before relaxing)
 .debug_str     0x00000000000ccf98      0x15a ./Drivers/STM32F4xx_HAL_Driver/Src/stm32f4xx_hal_gpio.o
                                      0xc77b8 (size before relaxing)
 .debug_str     0x00000000000cd0f2      0xac3 ./Drivers/STM32F4xx_HAL_Driver/Src/stm32f4xx_hal_i2c.o
                                      0xc8593 (size before relaxing)
 .debug_str     0x00000000000cdbb5      0x24e ./Drivers/STM32F4xx_HAL_Driver/Src/stm32f4xx_hal_rcc.o
                                      0xc7a13 (size before relaxing)
 .debug_str     0x00000000000cde03      0x564 ./Drivers/STM32F4xx_HAL_Driver/Src/stm32f4xx_hal_spi.o
                                      0xc7eb5 (size before relaxing)
 .debug_str     0x00000000000ce367      0x1b4 ./Drivers/STM32F4xx_HAL_Driver/Src/stm32f4xx_hal_sram.o
                                      0xc7b2b (size before relaxing)
 .debug_str     0x00000000000ce51b      0xdc8 ./Drivers/STM32F4xx_HAL_Driver/Src/stm32f4xx_hal_tim.o
                                      0xc8940 (size before relaxing)
 .debug_str     0x00000000000cf2e3      0x4ee ./Drivers/STM32F4xx_HAL_Driver/Src/stm32f4xx_hal_tim_ex.o
                                      0xc80f1 (size before relaxing)
 .debug_str     0x00000000000cf7d1      0x105 ./Drivers/STM32F4xx_HAL_Driver/Src/stm32f4xx_ll_fsmc.o
                                      0xc79f2 (size before relaxing)

.comment        0x0000000000000000       0x53
 .comment       0x0000000000000000       0x53 ./Core/Src/button.o
                                         0x54 (size before relaxing)
 .comment       0x0000000000000053       0x54 ./Core/Src/ds3231.o
 .comment       0x0000000000000053       0x54 ./Core/Src/fsmc.o
 .comment       0x0000000000000053       0x54 ./Core/Src/gpio.o
 .comment       0x0000000000000053       0x54 ./Core/Src/i2c.o
 .comment       0x0000000000000053       0x54 ./Core/Src/lcd.o
 .comment       0x0000000000000053       0x54 ./Core/Src/led_7seg.o
 .comment       0x0000000000000053       0x54 ./Core/Src/main.o
 .comment       0x0000000000000053       0x54 ./Core/Src/software_timer.o
 .comment       0x0000000000000053       0x54 ./Core/Src/spi.o
 .comment       0x0000000000000053       0x54 ./Core/Src/stm32f4xx_hal_msp.o
 .comment       0x0000000000000053       0x54 ./Core/Src/stm32f4xx_it.o
 .comment       0x0000000000000053       0x54 ./Core/Src/system_stm32f4xx.o
 .comment       0x0000000000000053       0x54 ./Core/Src/tim.o
 .comment       0x0000000000000053       0x54 ./Core/Src/utils.o
 .comment       0x0000000000000053       0x54 ./Drivers/STM32F4xx_HAL_Driver/Src/stm32f4xx_hal.o
 .comment       0x0000000000000053       0x54 ./Drivers/STM32F4xx_HAL_Driver/Src/stm32f4xx_hal_cortex.o
 .comment       0x0000000000000053       0x54 ./Drivers/STM32F4xx_HAL_Driver/Src/stm32f4xx_hal_gpio.o
 .comment       0x0000000000000053       0x54 ./Drivers/STM32F4xx_HAL_Driver/Src/stm32f4xx_hal_i2c.o
 .comment       0x0000000000000053       0x54 ./Drivers/STM32F4xx_HAL_Driver/Src/stm32f4xx_hal_rcc.o
 .comment       0x0000000000000053       0x54 ./Drivers/STM32F4xx_HAL_Driver/Src/stm32f4xx_hal_spi.o
 .comment       0x0000000000000053       0x54 ./Drivers/STM32F4xx_HAL_Driver/Src/stm32f4xx_hal_sram.o
 .comment       0x0000000000000053       0x54 ./Drivers/STM32F4xx_HAL_Driver/Src/stm32f4xx_hal_tim.o
 .comment       0x0000000000000053       0x54 ./Drivers/STM32F4xx_HAL_Driver/Src/stm32f4xx_hal_tim_ex.o
 .comment       0x0000000000000053       0x54 ./Drivers/STM32F4xx_HAL_Driver/Src/stm32f4xx_ll_fsmc.o

.debug_frame    0x0000000000000000     0x4a90
 .debug_frame   0x0000000000000000       0x50 ./Core/Src/button.o
 .debug_frame   0x0000000000000050       0x74 ./Core/Src/ds3231.o
 .debug_frame   0x00000000000000c4       0xbc ./Core/Src/fsmc.o
 .debug_frame   0x0000000000000180       0x34 ./Core/Src/gpio.o
 .debug_frame   0x00000000000001b4       0x74 ./Core/Src/i2c.o
 .debug_frame   0x0000000000000228      0x3e0 ./Core/Src/lcd.o
 .debug_frame   0x0000000000000608       0xe8 ./Core/Src/led_7seg.o
 .debug_frame   0x00000000000006f0      0x1c4 ./Core/Src/main.o
 .debug_frame   0x00000000000008b4       0xf0 ./Core/Src/software_timer.o
 .debug_frame   0x00000000000009a4       0x74 ./Core/Src/spi.o
 .debug_frame   0x0000000000000a18       0x38 ./Core/Src/stm32f4xx_hal_msp.o
 .debug_frame   0x0000000000000a50      0x120 ./Core/Src/stm32f4xx_it.o
 .debug_frame   0x0000000000000b70       0x58 ./Core/Src/system_stm32f4xx.o
 .debug_frame   0x0000000000000bc8       0x7c ./Core/Src/tim.o
 .debug_frame   0x0000000000000c44       0x60 ./Core/Src/utils.o
 .debug_frame   0x0000000000000ca4      0x374 ./Drivers/STM32F4xx_HAL_Driver/Src/stm32f4xx_hal.o
 .debug_frame   0x0000000000001018      0x498 ./Drivers/STM32F4xx_HAL_Driver/Src/stm32f4xx_hal_cortex.o
 .debug_frame   0x00000000000014b0      0x14c ./Drivers/STM32F4xx_HAL_Driver/Src/stm32f4xx_hal_gpio.o
 .debug_frame   0x00000000000015fc      0xc5c ./Drivers/STM32F4xx_HAL_Driver/Src/stm32f4xx_hal_i2c.o
 .debug_frame   0x0000000000002258      0x1f0 ./Drivers/STM32F4xx_HAL_Driver/Src/stm32f4xx_hal_rcc.o
 .debug_frame   0x0000000000002448      0x824 ./Drivers/STM32F4xx_HAL_Driver/Src/stm32f4xx_hal_spi.o
 .debug_frame   0x0000000000002c6c      0x2a0 ./Drivers/STM32F4xx_HAL_Driver/Src/stm32f4xx_hal_sram.o
 .debug_frame   0x0000000000002f0c     0x11c4 ./Drivers/STM32F4xx_HAL_Driver/Src/stm32f4xx_hal_tim.o
 .debug_frame   0x00000000000040d0      0x638 ./Drivers/STM32F4xx_HAL_Driver/Src/stm32f4xx_hal_tim_ex.o
 .debug_frame   0x0000000000004708      0x2dc ./Drivers/STM32F4xx_HAL_Driver/Src/stm32f4xx_ll_fsmc.o
 .debug_frame   0x00000000000049e4       0x2c c:/st/stm32cubeide_1.7.0/stm32cubeide/plugins/com.st.stm32cube.ide.mcu.externaltools.gnu-tools-for-stm32.9-2020-q2-update.win32_2.0.0.202105311346/tools/bin/../lib/gcc/arm-none-eabi/9.3.1/../../../../arm-none-eabi/lib/thumb/v7e-m+fp/hard\libc_nano.a(lib_a-init.o)
 .debug_frame   0x0000000000004a10       0x20 c:/st/stm32cubeide_1.7.0/stm32cubeide/plugins/com.st.stm32cube.ide.mcu.externaltools.gnu-tools-for-stm32.9-2020-q2-update.win32_2.0.0.202105311346/tools/bin/../lib/gcc/arm-none-eabi/9.3.1/../../../../arm-none-eabi/lib/thumb/v7e-m+fp/hard\libc_nano.a(lib_a-memset.o)
 .debug_frame   0x0000000000004a30       0x2c c:/st/stm32cubeide_1.7.0/stm32cubeide/plugins/com.st.stm32cube.ide.mcu.externaltools.gnu-tools-for-stm32.9-2020-q2-update.win32_2.0.0.202105311346/tools/bin/../lib/gcc/arm-none-eabi/9.3.1/thumb/v7e-m+fp/hard\libgcc.a(_aeabi_uldivmod.o)
 .debug_frame   0x0000000000004a5c       0x34 c:/st/stm32cubeide_1.7.0/stm32cubeide/plugins/com.st.stm32cube.ide.mcu.externaltools.gnu-tools-for-stm32.9-2020-q2-update.win32_2.0.0.202105311346/tools/bin/../lib/gcc/arm-none-eabi/9.3.1/thumb/v7e-m+fp/hard\libgcc.a(_udivmoddi4.o)
