main.c:84:5:main	8	static
main.c:137:6:SystemClock_Config	88	static
main.c:178:6:system_init	8	static
main.c:192:6:test_LedDebug	8	static
main.c:199:6:fsm_automatic_run	8	static
main.c:215:6:alarm_timer_run	24	static
main.c:246:6:fsm_mannual_run	24	static
main.c:373:6:test_7seg	8	static
main.c:379:6:test_button	32	static
main.c:397:6:updateTime	8	static
main.c:407:9:isButtonUp	4	static
main.c:414:9:isButtonDown	4	static
main.c:421:6:displayTime	24	static
main.c:436:6:Error_Handler	4	static,ignoring_inline_asm
